
F0: 102B 0000
F6: 0000 0000
V0: 0000 0000 [0001]
00: 0000 0000
BP: 0000 0041 [0000]
G0: 0190 0000
T0: 0000 0369 [000F]
Jump to BL

UNIVPLL_CON0 = 0xFE000000!!!
mt_pll_init: Set pll frequency for 25M crystal
[PMIC_WRAP]wrap_init pass,the return value=0.
[pmic_init] Preloader Start..................
[pmic_init] MT6380 CHIP Code, reg_val = 0, 1:E2  0:E3
[pmic_init] Done...................
Chip part number:7622B
MT7622 Version: 1.2.8, (iPA)
SSC OFF
mt_pll_post_init: mt_get_cpu_freq = 1350000Khz
mt_pll_post_init: mt_get_mem_freq = 1600000Khz
mt_pll_post_init: mt_get_bus_freq = 1119920Khz
[PLFM] Init I2C: OK(0)

[BLDR] Build Time: 20200518-110732
==== Dump RGU Reg ========
RGU MODE:     4D
RGU LENGTH:   FFE0
RGU STA:      0
RGU INTERVAL: FFF
RGU SWSYSRST: 8000
==== Dump RGU Reg End ====
RGU: g_rgu_satus:0
 mtk_wdt_mode_config  mode value=10, tmp:22000010
PL P ON
WDT does not trigger reboot
WDT NONRST=0x20000000
WDT IRQ_EN=0x340003
RGU mtk_wdt_init:MTK_WDT_DEBUG_CTL(590200F3)
[EMI] MDL number = 2
[EMI] DRAMC calibration start

[EMI] DRAMC calibration end

[EMI]rank size auto detect
[EMI]start_addr[0x40000000]=0x12345678, test_addr[0x48000000]= 0xEDCBA987
[EMI]start_addr[0x40000000]=0x12345678, test_addr[0x50000000]= 0xEDCBA987
[EMI]start_addr[0x40000000]=0xEDCBA987, test_addr[0x60000000]= 0xEDCBA987
[EMI]rank0 size: 0x20000000
[MEM] complex R/W mem test pass
RAM_CONSOLE wdt status (0x0)=0x0
[BBT] BMT.v2 is found at 0x3FF
[PLFM] Init Boot Device: OK(0)

[PART] blksz: 2048B
[PART] [0x0000000000000000-0x000000000007FFFF] "PRELOADER" (256 blocks)
[PART] [0x0000000000080000-0x00000000000BFFFF] "tee1" (128 blocks)
[PART] [0x00000000000C0000-0x000000000013FFFF] "lk" (256 blocks)

Device APC domain init setup:

Domain Setup (0x0)
Domain Setup (0x0)
Device APC domain after setup:
Domain Setup (0x0)
Domain Setup (0x0)
Bad_Block_Table init, sizeof(Bad_Block_Table)= 8192
[PART] Image with part header
[PART] name : LK
[PART] addr : FFFFFFFFh mode : -1
[PART] size : 436452
[PART] magic: 58881688h

[PART] load "lk" from 0x00000000000C0200 (dev) to 0x41E00000 (mem) [SUCCESS]
[PART] load speed: 10147KB/s, 436452 bytes, 42ms
load lk (ret=0)
[PART] Image with part header
[PART] name : atf
[PART] addr : FFFFFFFFh mode : -1
[PART] size : 57936
[PART] magic: 58881688h

[PART] load "tee1" from 0x0000000000080200 (dev) to 0x43000DC0 (mem) [SUCCESS]
[PART] load speed: 9429KB/s, 57936 bytes, 6ms
load tee1 (ret=0)
[BLDR] bldr load tee part ret=0x0, addr=0x43001000
[BLDR] boot part. not found
[BLDR] part_load_images ret=0x0
[BLDR] Others, jump to ATF

[BLDR] jump to 0x41E00000
[BLDR] <0x41E00000>=0xEA00000F
[BLDR] <0x41E00004>=0xE59FF014


U-Boot 2014.04-rc1-gbf1a898-dirty (Aug 13 2021 - 06:46:59)

auto detection g_total_rank_size = 0x1F000000
DRAM:  496 MiB
NAND:  Recognize SNAND: ID [c2 12 ], Device Name [MX35LF1GE4AB], Page Size [2048]B Spare Size [64]B Total Size [128]MB
[mtk_snand] probe successfully!
[BBT] BMT.v2 is found at 0x3ff
128 MiB
In:    serial
Out:   serial
Err:   serial
Net:   mtk_eth
Uip activated
### main_loop entered: bootdelay=3

  *** U-Boot SPI NAND ***

     1. System Load Linux to SDRAM via TFTP.
     2. System Load Linux Kernel then write to Flash via TFTP.
     3. Boot system code via Flash.
     4. System Load U-Boot then write to Flash via TFTP.
     5. System Load U-Boot then write to Flash via Serial.
     6. System Load ATF then write to Flash via TFTP.
     7. System Load Preloader then write to Flash via TFTP.
     8. System Load ROM header then write to Flash via TFTP.
     9. System Load CTP then write to Flash via TFTP.
     a. System Load CTP then Boot to CTP (via Flash).
     b. HTTP server.
     U-Boot console


  Press UP/DOWN to move or Press 1~9,a~b to choose, ENTER to select
ETH already turn on and power on flow will be skipped...

 Waiting for RX_DMA_BUSY status Start... done

mt7531: mt7531_sw_init
mt7531: mt7531_core_pll_setup, hwstrap = 000000ff, xtal=25MHz
mt7531: mt7531_mac_port_setup, port = 6
mt7531: mt7531_set_port_sgmii_force_mode, port = 6
mt7531: timeout waiting for SGMII_LINK
mt7531: mt7531_mac_port_setup, PMCR6 = f805633b
>>>>>>>>>>>>>>>>>>>>>>>>>>>>> START CALIBRATION:
CALDLY = 40
0x1e-e0 = 2929
0x1f-115 = 5
  GE Rext AnaCal Done! (9)(0x29)
 GE R50 AnaCal Done! (11) (0x31)(0xb1)
 GE R50 AnaCal Done! (11) (0x31)(0xb1)
 GE R50 AnaCal Done! (10) (0x32)(0xb2)
 GE R50 AnaCal Done! (11) (0x31)(0xb1)
 GE 1e_174(0xb1b1), 1e_175(0xb2b1)
 GE Tx offset AnaCal Done! (pair-0)(3)(0x22) 0x1e_172=0x2220
 GE Tx offset AnaCal Done! (pair-1)(1)(0x1) 0x1e_172=0x2201
 GE Tx offset AnaCal Done! (pair-2)(4)(0x4) 0x1e_173=0x420
 GE Tx offset AnaCal Done! (pair-3)(3)(0x3) 0x1e_173=0x403
 GE Tx amp AnaCal Done! (pair-0)(1e_12 = 0x701c)
 GE Tx amp AnaCal Done! (pair-1)(1e_17 = 0x1818)
 GE Tx amp AnaCal Done! (pair-2)(1e_19 = 0x1a22)
 GE Tx amp AnaCal Done! (pair-3)(1e_21 = 0x1c24)
PORT 0 RX_DC_OFFSET
before pairA output = f
after pairA output = 1
before pairB output = e
after pairB output = ff
before pairC output = 1e
after pairC output = 1
before pairD output = 1d
after pairD output = 1
-------- gephy-calibration (port:0)(0) --------
CALDLY = 40
 GE R50 AnaCal Done! (13) (0x26)(0xa6)
 GE R50 AnaCal Done! (12) (0x30)(0xb0)
 GE R50 AnaCal Done! (11) (0x31)(0xb1)
 GE R50 AnaCal Done! (12) (0x30)(0xb0)
 GE 1e_174(0xa6b0), 1e_175(0xb1b0)
 GE Tx offset AnaCal Done! (pair-0)(5)(0x24) 0x1e_172=0x2420
 GE Tx offset AnaCal Done! (pair-1)(2)(0x21) 0x1e_172=0x2421
 GE Tx offset AnaCal Done! (pair-2)(2)(0x21) 0x1e_173=0x2120
 GE Tx offset AnaCal Done! (pair-3)(4)(0x4) 0x1e_173=0x2104
 GE Tx amp AnaCal Done! (pair-0)(1e_12 = 0x6419)
 GE Tx amp AnaCal Done! (pair-1)(1e_17 = 0x1d1d)
 GE Tx amp AnaCal Done! (pair-2)(1e_19 = 0x1820)
 GE Tx amp AnaCal Done! (pair-3)(1e_21 = 0x1820)
PORT 1 RX_DC_OFFSET
before pairA output = f
after pairA output = ff
before pairB output = d
after pairB output = ff
before pairC output = e
after pairC output = 0
before pairD output = 1d
after pairD output = fe
-------- gephy-calibration (port:1)(0) --------
CALDLY = 40
 GE R50 AnaCal Done! (12) (0x30)(0xb0)
 GE R50 AnaCal Done! (11) (0x31)(0xb1)
 GE R50 AnaCal Done! (11) (0x31)(0xb1)
 GE R50 AnaCal Done! (10) (0x32)(0xb2)
 GE 1e_174(0xb0b1), 1e_175(0xb1b2)
 GE Tx offset AnaCal Done! (pair-0)(3)(0x22) 0x1e_172=0x2220
 GE Tx offset AnaCal Done! (pair-1)(2)(0x2) 0x1e_172=0x2202
 GE Tx offset AnaCal Done! (pair-2)(4)(0x23) 0x1e_173=0x2320
 GE Tx offset AnaCal Done! (pair-3)(3)(0x3) 0x1e_173=0x2303
 GE Tx amp AnaCal Done! (pair-0)(1e_12 = 0x741d)
 GE Tx amp AnaCal Done! (pair-1)(1e_17 = 0x1c1c)
 GE Tx amp AnaCal Done! (pair-2)(1e_19 = 0x1a22)
 GE Tx amp AnaCal Done! (pair-3)(1e_21 = 0x1a22)
PORT 2 RX_DC_OFFSET
before pairA output = f
after pairA output = 0
before pairB output = 1d
after pairB output = 0
before pairC output = 1d
after pairC output = 1
before pairD output = e
after pairD output = 0
-------- gephy-calibration (port:2)(0) --------
CALDLY = 40
 GE R50 AnaCal Done! (13) (0x26)(0xa6)
 GE R50 AnaCal Done! (12) (0x30)(0xb0)
 GE R50 AnaCal Done! (13) (0x26)(0xa6)
 GE R50 AnaCal Done! (14) (0x24)(0xa4)
 GE 1e_174(0xa6b0), 1e_175(0xa6a4)
 GE Tx offset AnaCal Done! (pair-0)(1)(0x1) 0x1e_172=0x120
 GE Tx offset AnaCal Done! (pair-1)(4)(0x23) 0x1e_172=0x123
 GE Tx offset AnaCal Done! (pair-2)(3)(0x22) 0x1e_173=0x2220
 GE Tx offset AnaCal Done! (pair-3)(3)(0x3) 0x1e_173=0x2203
 GE Tx amp AnaCal Done! (pair-0)(1e_12 = 0x6419)
 GE Tx amp AnaCal Done! (pair-1)(1e_17 = 0x1f1f)
 GE Tx amp AnaCal Done! (pair-2)(1e_19 = 0x1f27)
 GE Tx amp AnaCal Done! (pair-3)(1e_21 = 0x1b23)
PORT 3 RX_DC_OFFSET
before pairA output = 1d
after pairA output = 0
before pairB output = 1e
after pairB output = ff
before pairC output = e
after pairC output = 0
before pairD output = e
after pairD output = ff
-------- gephy-calibration (port:3)(0) --------
CALDLY = 40
 GE R50 AnaCal Done! (9) (0x34)(0xb4)
 GE R50 AnaCal Done! (9) (0x34)(0xb4)
 GE R50 AnaCal Done! (8) (0x35)(0xb5)
 GE R50 AnaCal Done! (9) (0x34)(0xb4)
 GE 1e_174(0xb4b4), 1e_175(0xb5b4)
 GE Tx offset AnaCal Done! (pair-0)(3)(0x22) 0x1e_172=0x2220
 GE Tx offset AnaCal Done! (pair-1)(1)(0x1) 0x1e_172=0x2201
 GE Tx offset AnaCal Done! (pair-2)(1)(0x1) 0x1e_173=0x120
 GE Tx offset AnaCal Done! (pair-3)(2)(0x2) 0x1e_173=0x102
 GE Tx amp AnaCal Done! (pair-0)(1e_12 = 0x5816)
 GE Tx amp AnaCal Done! (pair-1)(1e_17 = 0x1616)
 GE Tx amp AnaCal Done! (pair-2)(1e_19 = 0x1018)
 GE Tx amp AnaCal Done! (pair-3)(1e_21 = 0x1018)
PORT 4 RX_DC_OFFSET
before pairA output = 1e
after pairA output = ff
before pairB output = e
after pairB output = 1
before pairC output = 1e
after pairC output = ff
before pairD output = e
after pairD output = ff
-------- gephy-calibration (port:4)(0) --------
 0x1b000014 = 0x00110214
start load_p_section
load_section: start p mode
load_section: found csxf tag
csxf->magic: 5343
csxf->checksum: 8051
csxf->body_length: 000014ad
csxf->body_encoding: 00
csxf->raw_length: 000014ad
check p section: ok
load P section success @180000
 romid: (DLK6E6010001)
 sys info PV 01
 model name: (M32)
 ecn no: (200909100001)
 beid rule: 190A
 beid mac: << WAN_MAC >>
 default ip: 192:168:0:1
aup_start Using mtk_eth device
mcast upgrade timeout.

NAND read: device 0 offset 0x2c0000, size 0x2000
 8192 bytes read: OK
[do_read_image_blks]This is a FIT image,img_size = 0x2d942c
[do_read_image_blks]img_blks = 0x5b3
[do_read_image_blks]img_align_size = 0x2d9800

NAND read: device 0 offset 0x2c0000, size 0x2d9800
[mtk_snand_check_bch_error] ECC-C, #err:1, PA=1589, S=2
NFI Less than 2 bit error, ignore
 2988032 bytes read: OK
bootm flag=0, states=70f
## Loading kernel from FIT Image at 4007ff28 ...
   Using 'config@1' configuration
   Trying 'kernel@1' kernel subimage
     Description:  ARM64 mt7622-covr326x Linux-4.4.124
     Type:         Kernel Image
     Compression:  lzma compressed
     Data Start:   0x40080018
     Data Size:    2956940 Bytes = 2.8 MiB
     Architecture: AArch64
     OS:           Linux
     Load Address: 0x41080000
     Entry Point:  0x41080000
     Hash algo:    crc32
     Hash value:   5892889d
     Hash algo:    sha1
     Hash value:   ffb2cfbbdff58e4ed1f6aea6c007af6c5000710f
   Verifying Hash Integrity ... crc32+ sha1+ OK
## Loading fdt from FIT Image at 4007ff28 ...
   Using 'config@1' configuration
   Trying 'fdt@1' fdt subimage
     Description:  ARM64 mt7622-covr326x device tree blob
     Type:         Flat Device Tree
     Compression:  uncompressed
     Data Start:   0x40351fdc
     Data Size:    28749 Bytes = 28.1 KiB
     Architecture: AArch64
     Hash algo:    crc32
     Hash value:   bc180f0b
     Hash algo:    sha1
     Hash value:   6983b73f0bfa717b27f7105c4a2effce77a98cc9
   Verifying Hash Integrity ... crc32+ sha1+ OK
   Booting using the fdt blob at 0x40351fdc
   Uncompressing Kernel Image ... OK
   Loading Device Tree to 5cd9c000, end 5cda604c ... OK
bootargs:(console=ttyS0,115200n1 loglevel=8 swiotlb=512 rootfstype=squashfs boot_part=Kernel1)

Starting kernel ...

[ATF][    13.425391]save kernel info
[ATF][    13.428422]Kernel_EL2
[ATF][    13.431178]Kernel is 64Bit
[ATF][    13.434366]pc=0x41080000, r0=0x5cd9c000, r1=0x0
INFO:    BL3-1: Preparing for EL3 exit to normal world, Kernel
INFO:    BL3-1: Next image address = 0x41080000
INFO:    BL3-1: Next image spsr = 0x3c9
[ATF][    13.452635]el3_exit
[    0.000000] Booting Linux on physical CPU 0x0
[    0.000000] Linux version 4.4.124 (oe-user@oe-host) (gcc version 7.3.0 (GCC) ) #1 SMP PREEMPT Thu Apr 21 10:33:53 UTC 2022
[    0.000000] Boot CPU: AArch64 Processor [410fd034]
[    0.000000] On node 0 totalpages: 131024
[    0.000000]   DMA zone: 2048 pages used for memmap
[    0.000000]   DMA zone: 0 pages reserved
[    0.000000]   DMA zone: 131024 pages, LIFO batch:31
[    0.000000] psci: probing for conduit method from DT.
[    0.000000] psci: PSCIv0.2 detected in firmware.
[    0.000000] psci: Using standard PSCI v0.2 function IDs
[    0.000000] psci: Trusted OS migration not required
[    0.000000] PERCPU: Embedded 19 pages/cpu @ffffffc01ffa6000 s39320 r8192 d30312 u77824
[    0.000000] pcpu-alloc: s39320 r8192 d30312 u77824 alloc=19*4096
[    0.000000] pcpu-alloc: [0] 0 [0] 1
[    0.000000] Detected VIPT I-cache on CPU0
[    0.000000] CPU features: enabling workaround for ARM erratum 845719
[    0.000000] Built 1 zonelists in Zone order, mobility grouping on.  Total pages: 128976
[    0.000000] Kernel command line: console=ttyS0,115200n1 loglevel=8 swiotlb=512 rootfstype=squashfs boot_part=Kernel1
[    0.000000] PID hash table entries: 2048 (order: 2, 16384 bytes)
[    0.000000] Dentry cache hash table entries: 65536 (order: 7, 524288 bytes)
[    0.000000] Inode-cache hash table entries: 32768 (order: 6, 262144 bytes)
[    0.000000] software IO TLB [mem 0x5fcf4000-0x5fdf4000] (1MB) mapped at [ffffffc01fcf4000-ffffffc01fdf3fff]
[    0.000000] Memory: 496880K/524096K available (5620K kernel code, 446K rwdata, 1712K rodata, 360K init, 406K bss, 27216K reserved, 0K cma-reserved)
[    0.000000] Virtual kernel memory layout:
[    0.000000]     modules : 0xffffff8000000000 - 0xffffff8008000000   (   128 MB)
[    0.000000]     vmalloc : 0xffffff8008000000 - 0xffffffbdbfff0000   (   246 GB)
[    0.000000]       .init : 0xffffff80087ad000 - 0xffffff8008807000   (   360 KB)
[    0.000000]       .text : 0xffffff8008080000 - 0xffffff80085fe000   (  5624 KB)
[    0.000000]     .rodata : 0xffffff80085fe000 - 0xffffff80087ad000   (  1724 KB)
[    0.000000]       .data : 0xffffff8008807000 - 0xffffff8008876b38   (   447 KB)
[    0.000000]     vmemmap : 0xffffffbdc0000000 - 0xffffffbfc0000000   (     8 GB maximum)
[    0.000000]               0xffffffbdc0000000 - 0xffffffbdc0800000   (     8 MB actual)
[    0.000000]     fixed   : 0xffffffbffe7fb000 - 0xffffffbffec00000   (  4116 KB)
[    0.000000]     PCI I/O : 0xffffffbffee00000 - 0xffffffbfffe00000   (    16 MB)
[    0.000000]     memory  : 0xffffffc000000000 - 0xffffffc020000000   (   512 MB)
[    0.000000] SLUB: HWalign=64, Order=0-3, MinObjects=0, CPUs=2, Nodes=1
[    0.000000] Preemptible hierarchical RCU implementation.
[    0.000000]  Build-time adjustment of leaf fanout to 64.
[    0.000000] NR_IRQS:64 nr_irqs:64 0
[    0.000000] Architected cp15 timer(s) running at 12.50MHz (phys).
[    0.000000] clocksource: arch_sys_counter: mask: 0xffffffffffffff max_cycles: 0x2e2049cda, max_idle_ns: 440795202628 ns
[    0.000004] sched_clock: 56 bits at 12MHz, resolution 80ns, wraps every 4398046511080ns
[    0.000058] clocksource: timer: mask: 0xffffffff max_cycles: 0xffffffff, max_idle_ns: 191126102035 ns
[    0.000224] Console: colour dummy device 80x25
[    0.000239] Calibrating delay loop (skipped), value calculated using timer frequency.. 25.00 BogoMIPS (lpj=50000)
[    0.000247] pid_max: default: 32768 minimum: 301
[    0.000295] Mount-cache hash table entries: 1024 (order: 1, 8192 bytes)
[    0.000301] Mountpoint-cache hash table entries: 1024 (order: 1, 8192 bytes)
[    0.000766] sched-energy: CPU device node has no sched-energy-costs
[    0.000773] Invalid sched_group_energy for CPU0
[    0.000776] CPU0: update cpu_capacity 1024
[    0.000805] ASID allocator initialised with 32768 entries
[    0.032100] Detected VIPT I-cache on CPU1
[    0.032129] Invalid sched_group_energy for CPU1
[    0.032131] CPU1: update cpu_capacity 1024
[    0.032133] CPU1: Booted secondary processor [410fd034]
[    0.032167] Brought up 2 CPUs
[    0.032179] SMP: Total of 2 processors activated.
[    0.032186] CPU: All CPU(s) started at EL2
[    0.032199] alternatives: patching kernel code
[    0.032292] Invalid sched_group_energy for CPU1
[    0.032298] Invalid sched_group_energy for Cluster1
[    0.032301] Invalid sched_group_energy for CPU0
[    0.032304] Invalid sched_group_energy for Cluster0
[    0.032548] devtmpfs: initialized
[    0.036756] clocksource: jiffies: mask: 0xffffffff max_cycles: 0xffffffff, max_idle_ns: 7645041785100000 ns
[    0.036774] futex hash table entries: 512 (order: 4, 65536 bytes)
[    0.036886] pinctrl core: initialized pinctrl subsystem
[    0.037403] NET: Registered protocol family 16
[    0.037840] [SPM] spm_base = ffffff8008026000
[    0.037845] [SPM] spm_irq_0 = 6, spm_irq_1 = 7
[    0.037848] [SPM] spm_irq_2 = 8, spm_irq_3 = 9
[    0.037851] [SPM] set spm as wakeup devcie.
[    0.037856] [SPM] spm_rtc cnt: 24414.
[    0.052080] cpuidle: using governor menu
[    0.052141] vdso: 2 pages (1 code @ ffffff8008603000, 1 data @ ffffff800880c000)
[    0.052297] DMA: preallocated 256 KiB pool for atomic allocations
[    0.052380] Serial: AMBA PL011 UART driver
[    0.052432] [SPM] PWAKE_EN:1, PCMWDT_EN:0, BYPASS_SYSPWREQ:0, I2C_CHANNEL:2
[    0.052437] [SLP] SLEEP_DPIDLE_EN:1, REPLACE_DEF_WAKESRC:0, SUSPEND_LOG_EN:1
[    0.081152] vgaarb: loaded
[    0.081355] SCSI subsystem initialized
[    0.081560] usbcore: registered new interface driver usbfs
[    0.081597] usbcore: registered new interface driver hub
[    0.081636] usbcore: registered new device driver usb
[    0.083027] rbus 18000000.wbsys: PCI host bridge to bus 0000:00
[    0.083043] pci_bus 0000:00: root bus resource [mem 0x18000000-0x180fffff]
[    0.083050] pci_bus 0000:00: root bus resource [bus 00-ff]
[    0.083069] pci 0000:00:00.0: [14c3:7622] type 00 class 0x000280
[    0.083085] pci 0000:00:00.0: reg 0x10: [mem 0x18000000-0x1800000f 64bit]
[    0.083091] pci 0000:00:00.0: reg 0x18: [mem 0x00000000-0x0000000f]
[    0.083098] pci 0000:00:00.0: reg 0x1c: [mem 0x00000000-0x0000000f]
[    0.083104] pci 0000:00:00.0: reg 0x20: [mem 0x00000000-0x0000000f]
[    0.083111] pci 0000:00:00.0: reg 0x24: [mem 0x00000000-0x0000000f]
[    0.083143] pci 0000:00:00.0: of_irq_parse_pci() failed with rc=-22
[    0.083446] clocksource: Switched to clocksource arch_sys_counter
[    0.089302] NET: Registered protocol family 2
[    0.089668] TCP established hash table entries: 4096 (order: 3, 32768 bytes)
[    0.089699] TCP bind hash table entries: 4096 (order: 4, 65536 bytes)
[    0.089756] TCP: Hash tables configured (established 4096 bind 4096)
[    0.089802] UDP hash table entries: 256 (order: 1, 8192 bytes)
[    0.089815] UDP-Lite hash table entries: 256 (order: 1, 8192 bytes)
[    0.089920] NET: Registered protocol family 1
[    0.089958] PCI: CLS 0 bytes, default 128
[    0.097250] squashfs: version 4.0 (2009/01/31) Phillip Lougher
[    0.097433] jffs2: version 2.2 (NAND) (SUMMARY) (ZLIB) (RTIME) (CMODE_PRIORITY) (c) 2001-2006 Red Hat, Inc.
[    0.097869] fuse init (API version 7.23)
[    0.101411] NET: Registered protocol family 38
[    0.101452] io scheduler noop registered
[    0.101690] io scheduler cfq registered (default)
[    0.119677] mtk-pcie 1a140000.pcie: pcie rc 0 linkup success
[    0.219703] mtk-pcie 1a140000.pcie: Port1 link down
[    0.219858] mtk-pcie 1a140000.pcie: PCI host bridge to bus 0001:00
[    0.219867] pci_bus 0001:00: root bus resource [??? 0x00000000 flags 0x0]
[    0.219874] pci_bus 0001:00: root bus resource [mem 0x20000000-0x2fffffff]
[    0.219881] pci_bus 0001:00: root bus resource [bus 00-ff]
[    0.219916] pci 0001:00:00.0: [14c3:5396] type 01 class 0x060400
[    0.219968] pci 0001:00:00.0: reg 0x10: [mem 0x00000000-0xffffffff 64bit pref]
[    0.220088] pci 0001:00:00.0: of_irq_parse_pci() failed with rc=-22
[    0.220211] pci 0001:00:00.0: bridge configuration invalid ([bus 00-00]), reconfiguring
[    0.220432] pci 0001:01:00.0: [14c3:7915] type 00 class 0x000280
[    0.220737] pci 0001:01:00.0: reg 0x10: [mem 0x00000000-0x000fffff 64bit pref]
[    0.220850] pci 0001:01:00.0: reg 0x18: [mem 0x00000000-0x00003fff 64bit pref]
[    0.220963] pci 0001:01:00.0: reg 0x20: [mem 0x00000000-0x00000fff 64bit pref]
[    0.221476] pci 0001:01:00.0: supports D1 D2
[    0.221483] pci 0001:01:00.0: PME# supported from D0 D1 D2 D3hot D3cold
[    0.227513] pci_bus 0001:01: busn_res: [bus 01-ff] end is updated to 01
[    0.227551] pci 0001:00:00.0: BAR 0: no space for [mem size 0x100000000 64bit pref]
[    0.227558] pci 0001:00:00.0: BAR 0: failed to assign [mem size 0x100000000 64bit pref]
[    0.227564] pci 0001:00:00.0: BAR 8: assigned [mem 0x20000000-0x201fffff]
[    0.227574] pci 0001:01:00.0: BAR 0: assigned [mem 0x20000000-0x200fffff 64bit pref]
[    0.227665] pci 0001:01:00.0: BAR 2: assigned [mem 0x20100000-0x20103fff 64bit pref]
[    0.227756] pci 0001:01:00.0: BAR 4: assigned [mem 0x20104000-0x20104fff 64bit pref]
[    0.227845] pci 0001:00:00.0: PCI bridge to [bus 01]
[    0.227857] pci 0001:00:00.0:   bridge window [mem 0x20000000-0x201fffff]
[    0.227915] pcieport 0001:00:00.0: of_irq_parse_pci() failed with rc=-22
[    0.227930] pcieport 0001:00:00.0: enabling device (0000 -> 0002)
[    0.228091] pcieport 0001:00:00.0: Signaling PME through PCIe PME interrupt
[    0.228097] pci 0001:01:00.0: Signaling PME through PCIe PME interrupt
[    0.228106] pcie_pme 0001:00:00.0:pcie01: service driver pcie_pme loaded
[    0.232760] Serial: 8250/16550 driver, 4 ports, IRQ sharing disabled
[    0.233905] console [ttyS0] disabled
[    0.254068] 11002000.serial: ttyS0 at MMIO 0x11002000 (irq = 230, base_baud = 1562500) is a ST16650V2
[    1.117809] console [ttyS0] enabled
[    1.141905] 11005000.serial: ttyS1 at MMIO 0x11005000 (irq = 231, base_baud = 1562500) is a ST16650V2
[    1.151861] Unable to detect cache hierarchy for CPU 0
[    1.160121] loop: module loaded
[    1.163749] dump_power_table[0] = { .cpufreq_khz = 1350000,  .cpufreq_ncpu = 2,      .cpufreq_power = 995 }
[    1.173091] dump_power_table[1] = { .cpufreq_khz = 1262500,  .cpufreq_ncpu = 2,      .cpufreq_power = 811 }
[    1.182309] dump_power_table[2] = { .cpufreq_khz = 1137500,  .cpufreq_ncpu = 2,      .cpufreq_power = 736 }
[    1.191527] dump_power_table[3] = { .cpufreq_khz = 1025000,  .cpufreq_ncpu = 2,      .cpufreq_power = 624 }
[    1.200748] dump_power_table[4] = { .cpufreq_khz = 1350000,  .cpufreq_ncpu = 1,      .cpufreq_power = 517 }
[    1.209966] dump_power_table[5] = { .cpufreq_khz = 812500,   .cpufreq_ncpu = 2,      .cpufreq_power = 492 }
[    1.219095] dump_power_table[6] = { .cpufreq_khz = 1262500,  .cpufreq_ncpu = 1,      .cpufreq_power = 377 }
[    1.228316] dump_power_table[7] = { .cpufreq_khz = 600000,   .cpufreq_ncpu = 2,      .cpufreq_power = 376 }
[    1.237444] dump_power_table[8] = { .cpufreq_khz = 1137500,  .cpufreq_ncpu = 1,      .cpufreq_power = 333 }
[    1.246658] dump_power_table[9] = { .cpufreq_khz = 437500,   .cpufreq_ncpu = 2,      .cpufreq_power = 295 }
[    1.255785] dump_power_table[10] = { .cpufreq_khz = 1025000, .cpufreq_ncpu = 1,      .cpufreq_power = 258 }
[    1.265085] dump_power_table[11] = { .cpufreq_khz = 300000,  .cpufreq_ncpu = 2,      .cpufreq_power = 225 }
[    1.274299] dump_power_table[12] = { .cpufreq_khz = 812500,  .cpufreq_ncpu = 1,      .cpufreq_power = 204 }
[    1.283513] dump_power_table[13] = { .cpufreq_khz = 600000,  .cpufreq_ncpu = 1,      .cpufreq_power = 166 }
[    1.292727] dump_power_table[14] = { .cpufreq_khz = 437500,  .cpufreq_ncpu = 1,      .cpufreq_power = 140 }
[    1.301940] dump_power_table[15] = { .cpufreq_khz = 300000,  .cpufreq_ncpu = 1,      .cpufreq_power = 119 }
[    1.312291] [cal] calefuse1  = 0x7da7ab80
[    1.316220] [cal] calefuse2  = 0x458010
[    1.319970] [cal] g_adc_ge_t = 0x27a
[    1.323541] [cal] g_adc_oe_t = 0x1f6
[    1.327106] [cal] g_degc_cali        = 0x2e
[    1.330679] [cal] g_adc_cali_en_t    = 0x1
[    1.334511] [cal] g_o_slope  = 0x0
[    1.337825] [cal] g_o_slope_sign     = 0x0
[    1.341569] [cal] g_id               = 0x0
[    1.344535] [cal] g_o_vtsmcu1        = 0x0
[    1.348019] [cal] g_o_vtsmcu2        = 0x116
[    1.351679] [cal] g_o_vtsmcu3        = 0x0
[    1.355156] [cal] g_o_vtsmcu4        = 0x0
[    1.358643] [cal] g_ge               = 0x129
[    1.361780] [cal] g_gain             = 0x2839
[    1.365177] [cal] g_x_roomt1 = 0x1f6c
[    1.372351] mtk-snand 1100d000.snfi: mtk_snand_init_hw
[    1.377503] mtk-snand 1100d000.snfi: # MTK SNAND # : Use HW ECC
[    1.393535] Recognize NAND: ID [
[    1.396586] c2 12
[    1.398596] ], [MX35LF1GE4AB], Page[2048]B, Spare [64]B Total [128]MB
[    1.405408] nand: device found, Manufacturer ID: 0xc2, Chip ID: 0x12
[    1.411756] nand: Macronix SNAND 128MiB 3,3V 8-bit
[    1.416547] nand: 128 MiB, SLC, erase size: 128 KiB, page size: 2048, OOB size: 64
[    1.424111] [NAND]select ecc bit:4, sparesize :64
[    1.430251] [BBT] BMT.v2 is found at 0x3ff
[    1.434377] 12 ofpart partitions found on MTD device MTK-SNAND
[    1.440207] Creating 12 MTD partitions on "MTK-SNAND":
[    1.445345] 0x000000000000-0x000000080000 : "Preloader"
[    1.451526] 0x000000080000-0x0000000c0000 : "ATF"
[    1.456905] 0x0000000c0000-0x000000140000 : "Bootloader"
[    1.463038] 0x000000140000-0x000000180000 : "BootConfig"
[    1.469027] 0x000000180000-0x0000001c0000 : "Odm"
[    1.474404] 0x0000001c0000-0x000000240000 : "Config1"
[    1.480289] 0x000000240000-0x0000002c0000 : "Config2"
[    1.486186] 0x0000002c0000-0x000002fc0000 : "Kernel1"
[    1.519656] 2 fit-fw partitions found on MTD device Kernel1
[    1.525230] 0x0000002c0000-0x0000005a0000 : "kernel"
[    1.532455] 0x0000005a0000-0x000002fc0000 : "rootfs"
[    1.563616] mtd: device 9 (rootfs) set to be root filesystem
[    1.569280] 1 squashfs-split partitions found on MTD device rootfs
[    1.575461] 0x000002620000-0x000002fc0000 : "rootfs_data"
[    1.587239] 0x000002fc0000-0x000005cc0000 : "Kernel2"
[    1.620244] 0x000005cc0000-0x000005dc0000 : "Factory"
[    1.626428] 0x000005dc0000-0x000005fc0000 : "Mydlink"
[    1.633224] 0x000005fc0000-0x0000062c0000 : "Storage"
[    1.640646] mtk-snand 1100d000.snfi: [mtk_snand] probe successfully!
[    1.648734] libphy: Fixed MDIO Bus: probed
[    1.653202] sean debug physpeed = 2500
[    1.690698] libphy: mdio: probed
[    1.693951] mtk_soc_eth 1b100000.ethernet: generated random MAC address ba:bd:50:3d:ce:f1
[    1.702297] mtk_soc_eth 1b100000.ethernet: connected mac 0 to PHY at fixed-0:00 [uid=00000000, driver=Generic PHY]
[    1.712957] mtk_soc_eth 1b100000.ethernet eth0: mediatek frame engine at 0xffffff8008980000, irq 250
[    1.722093] netif_napi_add() called with weight 256 on device
[    1.728029] PPP generic driver version 2.4.2
[    1.732430] PPP BSD Compression module registered
[    1.737142] PPP Deflate Compression module registered
[    1.742211] PPP MPPE Compression module registered
[    1.747004] NET: Registered protocol family 24
[    1.751465] PPTP driver version 0.8.5
[    1.755584] 1a0c0000.usb supply vbus not found, using dummy regulator
[    1.762054] 1a0c0000.usb supply vusb33 not found, using dummy regulator
[    1.768948] xhci-mtk 1a0c0000.usb: xHCI Host Controller
[    1.774186] xhci-mtk 1a0c0000.usb: new USB bus registered, assigned bus number 1
[    1.781666] xhci-mtk 1a0c0000.usb: hcc params 0x01403198 hci version 0x96 quirks 0x00210010
[    1.790046] xhci-mtk 1a0c0000.usb: irq 246, io mem 0x1a0c0000
[    1.796231] hub 1-0:1.0: USB hub found
[    1.799995] hub 1-0:1.0: 2 ports detected
[    1.804275] xhci-mtk 1a0c0000.usb: xHCI Host Controller
[    1.809503] xhci-mtk 1a0c0000.usb: new USB bus registered, assigned bus number 2
[    1.816933] usb usb2: We don't know the algorithms for LPM for this host, disabling LPM.
[    1.825384] hub 2-0:1.0: USB hub found
[    1.829145] hub 2-0:1.0: 1 port detected
[    1.833402] usbcore: registered new interface driver usb-storage
[    1.839650] rtc rtc0: alarm rollover: day
[    1.843661] rtc rtc0: invalid alarm value: 1900-1-2 2022213768:1073741856:0
[    1.850728] rtc rtc0: test: dev (254:0)
[    1.854571] rtc-test rtc-test.0: rtc core: registered test as rtc0
[    1.860839] rtc rtc1: alarm rollover: day
[    1.864852] rtc rtc1: invalid alarm value: 1900-1-2 2022213768:1073741856:0
[    1.871904] rtc rtc1: test: dev (254:1)
[    1.875739] rtc-test rtc-test.1: rtc core: registered test as rtc1
[    1.881927] i2c /dev entries driver
[    1.886848] MTK_WDT_NONRST_REG(20000000)
[    1.890991] mtk-wdt 10212000.watchdog: register restart_handler on reboot_notifier_list for psci reset
[    1.900302] mtk-wdt 10212000.watchdog: Watchdog enabled (timeout=31 sec, nowayout=0)
[    1.908313] register cpuidle driver!!!!!!!!!!!!!!!!!
[    1.913566] sdhci: Secure Digital Host Controller Interface driver
[    1.919751] sdhci: Copyright(c) Pierre Ossman
[    1.924535] msdc_drv_probe!
[    1.927714] mtk-msdc 11230000.mmc: Regulator set error -22: 3300000 - 3300000
[    1.973946] mtk-msdc 11230000.mmc: Regulator set error -22: 3300000 - 3300000
[    2.024019] mtk-msdc 11230000.mmc: Regulator set error -22: 3300000 - 3300000
[    2.076197] mtk-msdc 11230000.mmc: Regulator set error -22: 3300000 - 3300000
[    2.699452] mtk_soc_eth 1b100000.ethernet: path gmac1_sgmii in set_mux_gdm1_to_gmac1_esw updated = 1
[    2.708584] mtk_soc_eth 1b100000.ethernet: mux mux_gmac2_gmac0_to_gephy isn't present on the SoC
[    2.717365] mtk_soc_eth 1b100000.ethernet: mux mux_u3_gmac2_to_qphy isn't present on the SoC
[    2.725803] mtk_soc_eth 1b100000.ethernet: path gmac1_sgmii in set_mux_gmac1_gmac2_to_sgmii_rgmii updated = 1
[    2.735712] mtk_soc_eth 1b100000.ethernet: mux mux_gmac12_to_gephy_sgmii isn't present on the SoC
[    3.969220] u32 classifier
[    3.971956] Netfilter messages via NETLINK v0.30.
[    3.976702] nf_conntrack version 0.5.0 (3881 buckets, 15524 max)
[    3.982985] ctnetlink v0.93: registering with nfnetlink.
[    3.988435] xt_time: kernel timezone is -0000
[    3.992802] ip_set: protocol 6
[    3.995945] ipip: IPv4 over IPv4 tunneling driver
[    4.000983] gre: GRE over IPv4 demultiplexor driver
[    4.005867] ip_gre: GRE over IPv4 tunneling driver
[    4.011349] ip_tables: (C) 2000-2006 Netfilter Core Team
[    4.016791] Initializing XFRM netlink socket
[    4.021592] NET: Registered protocol family 10
[    4.026920] sit: IPv6 over IPv4 tunneling driver
[    4.032284] NET: Registered protocol family 17
[    4.036758] NET: Registered protocol family 15
[    4.041234] bridge: automatic filtering via arp/ip/ip6tables has been deprecated. Update your scripts to load br_netfilter if you need this.
[    4.053892] Bridge firewalling registered
[    4.057911] Ebtables v2.0 registered
[    4.061618] l2tp_core: L2TP core driver, V2.0
[    4.065989] l2tp_ppp: PPPoL2TP kernel driver, V2.0
[    4.070783] 8021q: 802.1Q VLAN Support v1.8
[    4.075477] registered taskstats version 1
[    4.619765] mt753x gsw@0: Switch is MediaTek MT7531BE rev 1
[    4.629869] mt753x gsw@0: HWSTRAP=0xff XTAL=25MHz
[    4.641096] libphy: mt753x_mdio: probed
[    4.899708] random: nonblocking pool is initialized
[    4.932902] mt753x gsw@0: >>>>>>>>>>>>>>>>>>>>>>>>>>>>> START CALIBRATION:
[    4.941075] mt753x gsw@0: -------- gephy-calbration (port:0) --------
[    4.957812] CALDLY = 40
[    5.030034] 0x1e-e0 = 2929
[    5.034738] 0x1f-115 = 5
[    5.037269]   GE Rext AnaCal Done! (9)(0x29)
[    5.116831]  GE R50 AnaCal Done! (11) (0x31)(0xb1)
[    5.191069]  GE R50 AnaCal Done! (11) (0x31)(0xb1)
[    5.259934]  GE R50 AnaCal Done! (10) (0x32)(0xb2)
[    5.334138]  GE R50 AnaCal Done! (11) (0x31)(0xb1)
[    5.342497]  GE 1e_174(0xb1b1), 1e_175(0xb2b1)
[    5.390664]  GE Tx offset AnaCal Done! (pair-0)(3)(0x22) 0x1e_172=0x2220
[    5.413332]  GE Tx offset AnaCal Done! (pair-1)(1)(0x1) 0x1e_172=0x2201
[    5.451858]  GE Tx offset AnaCal Done! (pair-2)(4)(0x4) 0x1e_173=0x420
[    5.485015]  GE Tx offset AnaCal Done! (pair-3)(3)(0x3) 0x1e_173=0x403
[    5.590990]  GE Tx amp AnaCal Done! (pair-0)(1e_12 = 0x701c)
[    5.627876]  GE Tx amp AnaCal Done! (pair-1)(1e_17 = 0x1818)
[    5.688665]  GE Tx amp AnaCal Done! (pair-2)(1e_19 = 0x1b23)
[    5.749444]  GE Tx amp AnaCal Done! (pair-3)(1e_21 = 0x1c24)
[    5.803256] PORT 0 RX_DC_OFFSET
[    5.817540] before pairA output = f
[    5.823106] after pairA output = 1
[    5.828505] before pairB output = e
[    5.834070] after pairB output = 0
[    5.839468] before pairC output = 1e
[    5.845113] after pairC output = 1
[    5.850511] before pairD output = 1d
[    5.856163] after pairD output = 1
[    5.859865] mt753x gsw@0: -------- gephy-calbration (port:1) --------
[    5.876562] CALDLY = 40
[    5.959508]  GE R50 AnaCal Done! (13) (0x26)(0xa6)
[    6.039100]  GE R50 AnaCal Done! (12) (0x30)(0xb0)
[    6.113317]  GE R50 AnaCal Done! (11) (0x31)(0xb1)
[    6.192865]  GE R50 AnaCal Done! (12) (0x30)(0xb0)
[    6.201235]  GE 1e_174(0xa6b0), 1e_175(0xb1b0)
[    6.260042]  GE Tx offset AnaCal Done! (pair-0)(5)(0x24) 0x1e_172=0x2420
[    6.288040]  GE Tx offset AnaCal Done! (pair-1)(2)(0x21) 0x1e_172=0x2421
[    6.310687]  GE Tx offset AnaCal Done! (pair-2)(1)(0x1) 0x1e_173=0x120
[    6.349166]  GE Tx offset AnaCal Done! (pair-3)(4)(0x4) 0x1e_173=0x104
[    6.428641]  GE Tx amp AnaCal Done! (pair-0)(1e_12 = 0x6419)
[    6.492017]  GE Tx amp AnaCal Done! (pair-1)(1e_17 = 0x1d1d)
[    6.526293]  GE Tx amp AnaCal Done! (pair-2)(1e_19 = 0x1820)
[    6.560548]  GE Tx amp AnaCal Done! (pair-3)(1e_21 = 0x1820)
[    6.614276] PORT 1 RX_DC_OFFSET
[    6.628566] before pairA output = f
[    6.634128] after pairA output = ff
[    6.639613] before pairB output = d
[    6.645169] after pairB output = ff
[    6.650652] before pairC output = e
[    6.656215] after pairC output = 0
[    6.661612] before pairD output = 1e
[    6.667263] after pairD output = 1
[    6.670965] mt753x gsw@0: -------- gephy-calbration (port:2) --------
[    6.687668] CALDLY = 40
[    6.765221]  GE R50 AnaCal Done! (12) (0x30)(0xb0)
[    6.839148]  GE R50 AnaCal Done! (11) (0x31)(0xb1)
[    6.912676]  GE R50 AnaCal Done! (11) (0x31)(0xb1)
[    6.980968]  GE R50 AnaCal Done! (10) (0x32)(0xb2)
[    6.989292]  GE 1e_174(0xb0b1), 1e_175(0xb1b2)
[    7.037073]  GE Tx offset AnaCal Done! (pair-0)(3)(0x22) 0x1e_172=0x2220
[    7.064854]  GE Tx offset AnaCal Done! (pair-1)(2)(0x2) 0x1e_172=0x2202
[    7.103126]  GE Tx offset AnaCal Done! (pair-2)(4)(0x23) 0x1e_173=0x2320
[    7.136162]  GE Tx offset AnaCal Done! (pair-3)(3)(0x3) 0x1e_173=0x2303
[    7.234726]  GE Tx amp AnaCal Done! (pair-0)(1e_12 = 0x741d)
[    7.297535]  GE Tx amp AnaCal Done! (pair-1)(1e_17 = 0x1c1c)
[    7.338098]  GE Tx amp AnaCal Done! (pair-2)(1e_19 = 0x1a22)
[    7.385172]  GE Tx amp AnaCal Done! (pair-3)(1e_21 = 0x1a22)
[    7.438416] PORT 2 RX_DC_OFFSET
[    7.452623] before pairA output = f
[    7.458167] after pairA output = 0
[    7.463551] before pairB output = 1d
[    7.469166] after pairB output = 0
[    7.474543] before pairC output = 1d
[    7.480173] after pairC output = 1
[    7.485547] before pairD output = e
[    7.491092] after pairD output = 0
[    7.494791] mt753x gsw@0: -------- gephy-calbration (port:3) --------
[    7.511413] CALDLY = 40
[    7.593597]  GE R50 AnaCal Done! (13) (0x26)(0xa6)
[    7.672403]  GE R50 AnaCal Done! (12) (0x30)(0xb0)
[    7.756460]  GE R50 AnaCal Done! (13) (0x26)(0xa6)
[    7.845849]  GE R50 AnaCal Done! (14) (0x24)(0xa4)
[    7.854167]  GE 1e_174(0xa6b0), 1e_175(0xa6a4)
[    7.891387]  GE Tx offset AnaCal Done! (pair-0)(1)(0x20) 0x1e_172=0x2020
[    7.929730]  GE Tx offset AnaCal Done! (pair-1)(4)(0x23) 0x1e_172=0x2023
[    7.962805]  GE Tx offset AnaCal Done! (pair-2)(3)(0x22) 0x1e_173=0x2220
[    7.995867]  GE Tx offset AnaCal Done! (pair-3)(3)(0x3) 0x1e_173=0x2203
[    8.074803]  GE Tx amp AnaCal Done! (pair-0)(1e_12 = 0x681a)
[    8.150731]  GE Tx amp AnaCal Done! (pair-1)(1e_17 = 0x1f1f)
[    8.230639]  GE Tx amp AnaCal Done! (pair-2)(1e_19 = 0x2028)
[    8.277823]  GE Tx amp AnaCal Done! (pair-3)(1e_21 = 0x1b23)
[    8.331124] PORT 3 RX_DC_OFFSET
[    8.345326] before pairA output = 1d
[    8.350957] after pairA output = 0
[    8.356339] before pairB output = 1e
[    8.361964] after pairB output = ff
[    8.367422] before pairC output = e
[    8.372965] after pairC output = 0
[    8.378340] before pairD output = e
[    8.383884] after pairD output = ff
[    8.387663] mt753x gsw@0: -------- gephy-calbration (port:4) --------
[    8.404292] CALDLY = 40
[    8.465314]  GE R50 AnaCal Done! (9) (0x34)(0xb4)
[    8.528201]  GE R50 AnaCal Done! (9) (0x34)(0xb4)
[    8.585805]  GE R50 AnaCal Done! (8) (0x35)(0xb5)
[    8.648686]  GE R50 AnaCal Done! (9) (0x34)(0xb4)
[    8.656916]  GE 1e_174(0xb4b4), 1e_175(0xb5b4)
[    8.704670]  GE Tx offset AnaCal Done! (pair-0)(3)(0x22) 0x1e_172=0x2220
[    8.727163]  GE Tx offset AnaCal Done! (pair-1)(1)(0x1) 0x1e_172=0x2201
[    8.749519]  GE Tx offset AnaCal Done! (pair-2)(1)(0x1) 0x1e_173=0x120
[    8.777125]  GE Tx offset AnaCal Done! (pair-3)(2)(0x2) 0x1e_173=0x102
[    8.855924]  GE Tx amp AnaCal Done! (pair-0)(1e_12 = 0x5816)
[    8.892466]  GE Tx amp AnaCal Done! (pair-1)(1e_17 = 0x1616)
[    8.972408]  GE Tx amp AnaCal Done! (pair-2)(1e_19 = 0x1018)
[    9.052323]  GE Tx amp AnaCal Done! (pair-3)(1e_21 = 0x1018)
[    9.105568] PORT 4 RX_DC_OFFSET
[    9.119721] before pairA output = 1e
[    9.125351] after pairA output = ff
[    9.130815] before pairB output = e
[    9.136366] after pairB output = 1
[    9.141742] before pairC output = 1e
[    9.147372] after pairC output = ff
[    9.152838] before pairD output = e
[    9.158381] after pairD output = ff
[    9.164490] [SPM] pwrap node has not register regmap
[    9.169890] regulator regulator.3: info->modeset_reg 0xc = 0x181c32a2
[    9.177268] regulator regulator.3: info->modeset_reg 0xc = 0x101c32a2
[    9.192190] VFS: Mounted root (squashfs filesystem) readonly on device 31:9.
[    9.201012] devtmpfs: mounted
[    9.204147] Freeing unused kernel memory: 360K
[    9.208601] This architecture does not have kernel memory protection.
INIT: version 2.88 booting
create r/w /etc folder
create r/w /var folder
run /usr/etc/rcS (project/etc.rcS)
/etc/rcS.d/S01create-perst-part.sh:18: command not found: file
Usage: mkfs.ext4 [-c|-l filename] [-b block-size] [-C cluster-size]
        [-i bytes-per-inode] [-I inode-size] [-J journal-options]
        [-G flex-group-size] [-N number-of-inodes] [-d root-directory]
        [-m reserved-blocks-percentage] [-o creator-os]
        [-g blocks-per-group] [-L volume-label] [-M last-mounted-directory]
        [-O feature[,...]] [-r fs-revision] [-E extended-option[,...]]
        [-t fs-type] [-T usage-type ] [-U UUID] [-e errors_behavior][-z undo_file]
        [-jnqvDFSV] device [blocks-count]
Fuse filesystem already available.
Mounting fuse control filesystem.
Starting udev
[   11.024159] udevd[916]: starting version 3.2.5
[   11.062951] udevd[917]: starting eudev-3.2.5
hwclock: settimeofday: Invalid argument
cat: read error: Is a directory
cat: read error: Is a directory
cat: read error: Is a directory
Starting mount /var/config: main: do jffs2_boot
do_jffs2_mkdir: create folder /var/storage ok
[   12.678040] jffs2: CLEANMARKER node found at 0x00000000 has totlen 0xc != normal 0x0
[   12.697338] jffs2: Empty flash at 0x00000080 ends at 0x00000800
[   12.744005] jffs2: notice: (1481) jffs2_build_xattr_subsystem: complete building xattr subsystem, 0 of xdatum (0 unchecked, 0 orphan) and 0 of xref (0 dead, 0 orphan) found.
do_jffs2_mount: 1st, mount /dev/mtdblock14 to /var/storage ok
done
Starting untar webui-dlink: done
Starting paccess: read_psec2datfile: done!
done
Starting csman: [csmsal_open]feed_csiddata (/tmp/csman/pre1.dat:5293)
[csmsal_open]feed_csiddata (/tmp/csman/pre4.dat:549)
[csmsal_open]feed_csiddata (/tmp/csman/pre7.dat:466)
hookcs_load[183]: section_tag cmark:0x07 secid:0x07 magic:0x2B24 ts:0x00000012 imglen:0x00005BC8 imgchk:0xD80C tagchk:0x99ED
[hookcs_load] C Area img Icksum() OK!(D80C)(D80C)(5BC8)
hookcs_load[183]: section_tag cmark:0x07 secid:0x07 magic:0x2B24 ts:0x00000011 imglen:0x00005BD9 imgchk:0x7F9A tagchk:0xF24F
[hookcs_load] C Area img Icksum() OK!(7F9A)(7F9A)(5BD9)
C section 1 is up to date, load C section 1...
[csmsal_open]feed_csiddata csection
[csm_svr_init]csmsal open("/tmp/csman"), fd=171
done
Starting syslogd/klogd: done
fs.protected_hardlinks = 1
fs.protected_symlinks = 1
mount: /sys/kernel/debug: none already mounted or mount point busy.
insmod: ERROR: could not insert module /lib/modules/4.4.124/extra/misc_gpioled.ko: File exists
Starting commander: /dev/mf_dev
Fri Apr 22 12:11:33 UTC 2022
[   18.662309] mediatek-mt7622-pinctrl 10005000.pinctrl: pin MDI_RN_P0 already requested by 10005000.pinctrl:463; cannot claim for 10005000.pinctrl:463
[   18.675660] mediatek-mt7622-pinctrl 10005000.pinctrl: pin-54 (10005000.pinctrl:463) status -22
[   18.684290] <misc>gpio_led_set: cannot get gpio54 through pinctrl_request_gpio
[   18.945668] mediatek-mt7622-pinctrl 10005000.pinctrl: pin MDI_RN_P0 already requested by 10005000.pinctrl:463; cannot claim for 10005000.pinctrl:463
[   18.959024] mediatek-mt7622-pinctrl 10005000.pinctrl: pin-54 (10005000.pinctrl:463) status -22
[   18.967651] <misc>gpio_led_set: cannot get gpio54 through pinctrl_request_gpio
Ether WAN NUM = 1
WAN = << WAN_MAC >>
LAN = << LAN_MAC >>
WLAN0 = << WLAN0_MAC >>
WLAN1 = << WLAN1_MAC >>
WLAN2 = << WLAN2_MAC >>
WLAN3 = << WLAN3_MAC >>
WLAN4 = << WLAN4_MAC >>
WLAN5 = << WLAN5_MAC >>
WLAN6 = << WLAN6_MAC >>
WLAN7 = << WLAN7_MAC >>
BEID STATUS  : 0 , STATUS OK!
ifconfig: SIOCGIFFLAGS: No such device
[vlan] vlan - v1.0.3
[vlan] vlan Start
[vlan] Complete Cmd
WAN = << WAN_MAC >>
LAN = << LAN_MAC >>
WLAN0 = << WLAN0_MAC >>
WLAN1 = << WLAN1_MAC >>
WLAN2 = << WLAN2_MAC >>
WLAN3 = << WLAN3_MAC >>
WLAN4 = << WLAN4_MAC >>
WLAN5 = << WLAN5_MAC >>
WLAN6 = << WLAN6_MAC >>
WLAN7 = << WLAN7_MAC >>
BEID STATUS  : 0 , STATUS OK!
[vlan] Interface br0 Have Down
ifconfig: SIOCGIFFLAGS: No such device
[vlan] Interface brx0 Have Down
[vlan] Brx Interface brx0 Down
bridge brx0 doesn't exist; can't delete it
ifconfig: SIOCGIFFLAGS: No such device
[vlan] Interface brx1 Have Down
[vlan] Brx Interface brx1 Down
bridge brx1 doesn't exist; can't delete it
[vlan] Interface eth0.1 Have Down
[vlan] Interface eth0.3 Have Down
[vlan] Interface eth0.4 Have Down
[vlan] triple play = 0
[vlan] wanNum = 1, lanNum = 2, virturalwanNum = 0
[vlan] wanIndex = 0, lanIndex = 1, virtualwanIndex = 3
[vlan] wan port map: 0
[vlan] i = 0 position = 0 type = 1 portIndex = 0 portLogic = 0 portPhyId = 4
[vlan] i = 0 wanPosition = 0 wanIndex = 99 vwBindWanIndex = -1
[vlan] i = 0 wanMac = << WAN_MAC >>
[vlan] i = 0 portMac = 000000000000
[vlan] i = 0 wanInterface = eth0.2
[vlan] i = 0 portInterface = eth0
[vlan] lan port map: 1 2 -1
[vlan] i = 1 position = 1 type = 2 portIndex = 1 portLogic = 1 portPhyId = 3
[vlan] i = 1 lanIndex = 0
[vlan] i = 1 lanMac = << LAN_MAC >>
[vlan] i = 1 portMac = 000000000000
[vlan] i = 1 portInterface = eth0
[vlan] i = 1 lanInterface =
[vlan] i = 2 position = 2 type = 2 portIndex = 2 portLogic = 2 portPhyId = 2
[vlan] i = 2 lanIndex = 1
[vlan] i = 2 lanMac = << LAN_MAC >>
[vlan] i = 2 portMac = 000000000000
[vlan] i = 2 portInterface = eth0
[vlan] i = 2 lanInterface =
[vlan] i = 1 lanInterface = eth0.1
[vlan] i = 2 lanInterface = eth0.1
[vlan] Vlan First Run
Added VLAN with VID == 1 to IF -:eth0:-
WARNING:  VLAN 1 does not work with many switches,
consider another number if you have problems.
Added VLAN with VID == 2 to IF -:eth0:-
set hello timer failed: Numerical result out of range
[   20.346634] device eth0.1 entered promiscuous mode
ifconfig: SIOCSIFFLAGS: Network is down
[vlan] Interface eth0.1 Have Down
[   20.370949] IPv6: ADDRCONF(NETDEV_UP): br0: link is not ready
[vlan] Interface br0 Have Up
[vlan] Br Interface br0 Up
ifconfig: SIOCSIFFLAGS: Network is down
[vlan] Interface eth0.2 Have Down
ifconfig: SIOCSIFFLAGS: Network is down
[vlan] Interface eth0.2 Have Down
REG_ATC_ADDR is 0x7ff0002
done.
killall: mapd: no process killed
killall: p1905_managerd: no process killed
killall: wapp: no process killed
[vlan] vlan End
NETWORK Initialization finished. Result: 1
init watchdog
init vlan
init lan
Init Lan
init stp
init ondemand
init multiwan
Initialize MultiWAN
wantype = 0, wantype index = 99, wan mode = 1, route enable = 1
fo enable = 0, fo stay enable = 0, fo trigger = 0, fo time = 0, fo sequence = 0
init multi_ondemand
init load_balance
init spap
init ddns
init snmp
SNMP Enterprise Number = 12823
SNMP Enterprise Name =
SNMP Enterprise OID = 1.3.6.1.4.1.12823
SNMP Version: 5.8
zsh:1: command not found: snmpd-action
init time
Get time from RTC(ds3232)
[   22.543530] rtc-ds3232: probe of 1-0068 failed with error -110
[   22.549393] i2c i2c-1: new_device: Instantiated device ds3232 at 0x68
init user
cat: can't open '/etc/passwd.tmp': No such file or directory
init dhcpsrv
[   22.898488] device eth0 entered promiscuous mode
[   22.903234] br0: port 1(eth0.1) entered forwarding state
[   22.908571] br0: port 1(eth0.1) entered forwarding state
[   22.914061] IPv6: ADDRCONF(NETDEV_CHANGE): br0: link becomes ready
ifconfig: SIOCGIFFLAGS: No such device
device br0 already exists; can't create bridge with the same name
IP        = 192.168.000.001
Mask      = 255.255.255.000 (ffffff00) - aka /24
IP range start = 192.168.0.1
IP range end   = 192.168.0.254
DHCP Server IP pool start = 192.168.0.100
DHCP Server IP pool end   = 192.168.0.249
sip : 1, eip : 254
ptr_ip_start : 100 , ptr_ip_end : 249
DHCP Server IP pool OKOK!!
BusyBox v1.27.2 (2022-04-15 10:19:47 UTC) multi-call binary.

Usage: rm [-irf] FILE...
dnsmasq config start
dnsmasq config end
Start Dnsmasq DHCP at init
init dnsrelay
init routing
sh: can't open input file: /var/run/tagbase_bind_wan.clr
rm: can't remove '/var/run/tagbase_bind_wan.clr': No such file or directory
init route_protocol
init nat
init keepalive
init syslog_interval_timer
init schedule
init load_balance
init ftp_alg
init rtsp_alg
start the RTSP ALG modules
[   23.977915] nf_conntrack_rtsp v0.7 loading
==NAT Stop wan999 ALL==
NAT nat-draft stop rule start
[   23.997776] nf_nat_rtsp v0.7 loading
handle_rtsp_alg: load RTSP ALG modules
 init qos
init reboot
init reset_btn
init sshd
spi_exception_deinit start
init sip_alg
init https
init wireless_mode
module 1 INIT AP ROUTER MODE
Module One AP ROUTER MODE
module 2 INIT AP ROUTER MODE
Module Two AP ROUTER MODE
dnsmasq config start
spi end
clear /usr/bin/spi spi_exception_deinit
mmi_nat_stop
mmi_nat_start
NAT nat-draft stop rule end
==NAT Start wan999 ALL==
NAT nat-draft stop rule start
spi_exception_deinit start
spi end
clear /usr/bin/spi spi_exception_deinit
mmi_nat_stop
dnsmasq config end
init wlanap
mmi_nat_start
NAT nat-draft stop rule end
NAT nat-draft start rule start
All Log Alert options from Firewall are disable.
nat-draft stop_ip_forward start
nat-draft stop_ip_forward end
mwlb start
mwlb end
admin start
admin end
virtual computer start
virtual computer end
wanalias start
wanalias end
portfwd start
portfwd end
Single DMZ start
nat_info.wan_index == 999
mac-control start
mac-control end
discard_ping start
discard_ping end
inblkwpkts start
[   24.638300] ip6_tables: (C) 2000-2006 Netfilter Core Team
inblkwpkts end
adjust_mss start
adjust_mss end
fwd-recent start
fwd-recent end
NAT alg start
NAT alg end
pkt-filter start
pkt-filter end
pkt-filterv6 start
pkt-filterv6 end
l7appblk start
l7appblk end
url-block start
fwd_block_url_file_extension
url-block end
url-block start
fwd_block_url
url-block end
nat-draft start_ip_forward start
sh /var/nat/ip_forward.clr
nat-draft start_ip_forward end
stealth-mode start
[   25.622332] pci 0000:00:00.0: BAR 0: assigned [mem 0x18000000-0x180fffff 64bit]
[   25.629699] pci 0000:00:00.0: BAR 0: error updating (0x18000004 != 0x000004)
[   25.636769] pci 0000:00:00.0: BAR 2: no space for [mem size 0x00000010]
[   25.643396] pci 0000:00:00.0: BAR 2: failed to assign [mem size 0x00000010]
[   25.650368] pci 0000:00:00.0: BAR 3: no space for [mem size 0x00000010]
[   25.657000] pci 0000:00:00.0: BAR 3: failed to assign [mem size 0x00000010]
[   25.663973] pci 0000:00:00.0: BAR 4: no space for [mem size 0x00000010]
[   25.670612] pci 0000:00:00.0: BAR 4: failed to assign [mem size 0x00000010]
[   25.677583] pci 0000:00:00.0: BAR 5: no space for [mem size 0x00000010]
[   25.684214] pci 0000:00:00.0: BAR 5: failed to assign [mem size 0x00000010]
[   25.691336] pci 0001:01:00.0: [14c3:7915] type 00 class 0x000280
[   25.697736] pci 0001:01:00.0: reg 0x10: [mem 0x20000000-0x200fffff 64bit pref]
[   25.705088] pci 0001:01:00.0: reg 0x18: [mem 0x20100000-0x20103fff 64bit pref]
[   25.712444] pci 0001:01:00.0: reg 0x20: [mem 0x20104000-0x20104fff 64bit pref]
[   25.720290] pci 0001:01:00.0: supports D1 D2
[   25.724569] pci 0001:01:00.0: PME# supported from D0 D1 D2 D3hot D3cold
[   25.731883] pci 0001:01:00.0: BAR 0: assigned [mem 0x20000000-0x200fffff 64bit pref]
[   25.739741] pci 0001:01:00.0: BAR 2: assigned [mem 0x20100000-0x20103fff 64bit pref]
[   25.747595] pci 0001:01:00.0: BAR 4: assigned [mem 0x20104000-0x20104fff 64bit pref]
get_wifi_module_info
can not find cisd(8000F500) on Psetion
can not find cisd(8000F501) on Psetion
init wpa
init wlanapcli_profile
Initial WLANAPCLI_PROFILE
init iom
zsh:1: command not found: event_managed
init wan_led
init status_led
init igmp
zsh:1: no such file or directory: /proc/tc3162/switch_reg
init mupnpd
init recent
init bonjour
init dnscrypt_proxy
init aplan
init pptp
init pptpserv
init l2tp
init l2tpserv
init gre
init ipsec
init x509
init scep
init dns_redirect
init vrrp
init ntpsrv
init ipv6
init v6filter
init ddnsv6
init grouping
init data_logging
init recieve_alter_mode
init guestzone
init mesh
init mydlink
[   25.946040] jffs2: CLEANMARKER node found at 0x00000000 has totlen 0xc != normal 0x0
[   25.966602] jffs2: CLEANMARKER node found at 0x00020000 has totlen 0xc != normal 0x0
[   25.986893] jffs2: CLEANMARKER node found at 0x00040000 has totlen 0xc != normal 0x0
[   26.034679] jffs2: notice: (2014) jffs2_build_xattr_subsystem: complete building xattr subsystem, 0 of xdatum (0 unchecked, 0 orphan) and 0 of xref (0 dead, 0 orphan) found.
read_csid2rawfile: done!
read_csid2rawfile: done!
stealth-mode end
spi_exception_deinit start
spi end
spi_exception_init start
spi end
pre_spi_mode start
spi end
security_v6 start
security_v6 end
Conntrack -F start
Wait 2 seconds
init WPS
init ClientInfo
init dlink_fota
init dlink_speedtest
read_csid2rawfile: done!
read_csid2rawfile: done!
 size=16384 num=64 uir_thread_count=80
 select timeout=10 0
done
Configuring packages on first boot....
 (This may take several minutes. Please do not power off the machine.)
 Create regular thread: watchdog
 Create regular thread: time
WiFi Module One Operation Mode is changed
WiFi Module Two Operation Mode is changed
WiFi Operation Mode is Changed and Apply Wirelessmode Alter from Commander
Disable WAN bridges to LAN
device eth0.2 is not a slave of br0
Configuring dhcp-server.
Sorry, rule does not exist.
Module One AP ROUTER MODE
Module Two AP ROUTER MODE
zsh:1: command not found: vlantag2
[   28.707485] watchdog watchdog0: watchdog did not stop!
 Adding system startup for /etc/init.d/dhcp-server.
dnsmasq config start
dnsmasq config end
Configuring dnsmasq.
update-rc.d: /etc/init.d/dnsmasq: file does not exist
Configuring keepalived.
update-rc.d: /etc/init.d/keepalived exists during rc.d purge (use -f to force)
Configuring vsftpd.
wlan_phase_two_config
killall: rt2860apd: no process killed
Wireless 8021X Stop
Disable WLAN interface.
WLAN One interface down!
killall: mosquitto: no process killed
ifconfig: SIOCGIFFLAGS: No such device
killall: EasyMeshDaemon: no process killed
killall: emhandler: no process killed
killall: emLooping: no process killed
interface ra0 does not exist!
killall: emDiscovery: no process killed
killall: mapd: no process killed
ifconfig: SIOCGIFFLAGS: No such device
killall: p1905_managerd: no process killed
killall: wapp: no process killed
rmmod: ERROR: Module mapfilter is not currently loaded
killall: bs20: no process killed
interface ra1 does not exist!
ifconfig: SIOCGIFFLAGS: No such device
interface wds0 does not exist!
ifconfig: SIOCGIFFLAGS: No such device
interface wds1 does not exist!
ifconfig: SIOCGIFFLAGS: No such device
interface wds2 does not exist!
ifconfig: SIOCGIFFLAGS: No such device
interface wds3 does not exist!
ifconfig: SIOCGIFFLAGS: No such device
WLAN Two interface down!
ifconfig: SIOCGIFFLAGS: No such device
interface rai0 does not exist!
ifconfig: SIOCGIFFLAGS: No such device
interface rai1 does not exist!
ifconfig: SIOCGIFFLAGS: No such device
interface wdsi0 does not exist!
ifconfig: SIOCGIFFLAGS: No such device
interface wdsi1 does not exist!
ifconfig: SIOCGIFFLAGS: No such device
interface wdsi2 does not exist!
ifconfig: SIOCGIFFLAGS: No such device
interface wdsi3 does not exist!
ifconfig: SIOCGIFFLAGS: No such device
rmmod: ERROR: Module mt_whnat is not currently loaded
killall: fwdd: no process killed
rmmod: ERROR: Module mtfwd is not currently loaded
rmmod: ERROR: Module mt_wifi_ap is not currently loaded
rmmod: ERROR: Module mt7915_mt_wifi_ap is not currently loaded
killall: ACSDaemon: no process killed
Enable WLAN interface.
assigned dat_path:/etc/Wireless/RT2860AP/l1profile.dat
dat_path:/etc/Wireless/RT2860AP/l1profile.dat
assigned dat_path:/etc/Wireless/RT2860AP/RT2860AP1.dat
assigned csid_index:1
dat_path:/etc/Wireless/RT2860AP/RT2860AP1.dat
assigned dat_path:/etc/Wireless/RT2860AP/RT2860AP2.dat
assigned csid_index:2
dat_path:/etc/Wireless/RT2860AP/RT2860AP2.dat
[   29.815765] mediatek_soc_hnat 1b100000.hnat: wan = eth0.2
[   29.822258] mediatek_soc_hnat 1b100000.hnat: lan = eth0.1
[   29.828075] mediatek_soc_hnat 1b100000.hnat: ppd = eth0.1
[   29.833559] mediatek_soc_hnat 1b100000.hnat: gmac num = 1
[   29.839955] mediatek_soc_hnat 1b100000.hnat: FOE entry number = 8192
[   29.846901] mediatek_soc_hnat 1b100000.hnat: hwnat start
cat: read error: Is a directory
cat: read error: Is a directory
cat: read error: Is a directory
Undefined users:
> quagga
Skipping /etc/default/volatiles/volatiles.03_quagga
Undefined users:
> radvd
Skipping /etc/default/volatiles/volatiles.03_radvd
update-rc.d: /etc/init.d/vsftpd: file does not exist
INIT: Entering runlevel: 5
Configuring network interfaces... RTNETLINK answers: File exists
Starting OpenBSD Secure Shell server: sshd
Conntrack -F end
  generating ssh RSA host key...
NAT nat-draft stop rule end
[   30.448035] mt_wifi_ap: module license 'Proprietary' taints kernel.
[   30.454345] Disabling lock debugging due to kernel taint
[   30.483328] register mt_drv
[   30.490396]
[   30.490396] == pAd = ffffff8009501000, size = 7020416, Status=0 ==
[   30.498079] AP Driver version-5.1.0.0
[   30.502276] read sub id = 2
[   30.505124] Use 1st ePAeLNA default bin.
[   30.509232] Use 1st /etc_ro/wlan/MT7622_EEPROM.bin default bin.
[   30.515166] <--mt7622_init()
[   30.518880] <-- RTMPAllocTxRxRingMemory, Status=0
  generating ssh ECDSA host key...
  generating ssh ED25519 host key...
done.
Error: There is no config file for conntrackd
Starting DHCP server: .
Starting ntpd: done
/etc/rc5.d/S20xl2tpd:.:23: no such file or directory: /lib/lsb/init-functions
chgrp: unknown group adm
mv: can't rename 'boot.0': No such file or directory
[   31.737870] register mt_drv
[   31.741602] mt_drv 0001:01:00.0: enabling device (0000 -> 0002)
[   31.763187]
[   31.763187]
[   31.763187] === pAd = ffffff800a901000, size = 29657728 ===
[   31.763187]
[   31.775392] <-- RTMPAllocAdapterBlock, Status=0
[   31.780529] PCI CSRBaseAddress =0xffffff800a800000, csr_addr=0xffffff800a800000!
[   31.788034] RTMPInitPCIeDevice():device_id=0x7915
[   31.792871] mt7915_init()-->
[   31.795763] Use 1st iPAiLNA default bin.
[   31.799769] <--mt7915_init()
[   31.804996] wdev_init(caller:RTMP_COM_IoctlHandle+0x348/0x1700 [mt7915_mt_wifi_ap]), wdev(0)
[   31.813815] Rx[0] Ring: total 24576 bytes allocated
[   31.818783] Rx[1] Ring: total 24576 bytes allocated
[   31.824155] Rx[2] Ring: total 8192 bytes allocated
[   31.829830] Rx[3] Ring: total 16384 bytes allocated
[   31.835182] Rx[4] Ring: total 8192 bytes allocated
[   31.840003] <-- pci_alloc_tx_rx_ring_mem, Status=0
[   31.868140] whnat_module_init(): module init and register callback for whnat
[   31.875238] create whnat_ctrl ok!!!
[   31.878847] wed_slot_map_get(): assign slot_id:0 for entry: 0!
[   31.878862] wed_slot_map_get(): assign slot_id:1 for entry: 1!
WLAN One interfa[   31.878954] whnat_hif_pcie_mirror_probe(): hif_cfg base addr=ffffff80093c4400
ce up!

dlinkdistro (Yocto Project Reference Distro) 2.5.1 M32-D002 /dev/ttyS0

[   31.905479] ra0: ===> main_virtual_if_open
M32-D002 login:[   31.911260] load l1profile succeed!
 [   32.219096] APWdsInitialize():WdsEntry Number=4
[   32.224492] RtmpOSFileOpen(): Error 2 opening /etc/Wireless/RT2860/RT2860_5G.dat
[   32.231902] Open file "/etc/Wireless/RT2860/RT2860_5G.dat" failed!
[   32.238285] CfgSetCountryRegion():region(255) out of range!
[   32.244099] RTMPSetProfileParameters,0-0-1-FC:A5:D0:00:00:00;0-0-1-34:29:8F:00:00:00;0-0-1-48:E1:E9:00:00:00
[   32.253929] RTMPSetProfileParameters,0-0-1-FC:A5:D0:00:00:00
[   32.259601] SET IOT-STA: BAND[0] MACTYPE(0) HANDLE(1) MAC[fc:a5:d0:0:0:0]
[   32.266388] RTMPSetProfileParameters,0-0-1-34:29:8F:00:00:00
[   32.272054] SET IOT-STA: BAND[0] MACTYPE(0) HANDLE(1) MAC[34:29:8f:0:0:0]
[   32.278841] RTMPSetProfileParameters,0-0-1-48:E1:E9:00:00:00
[   32.284507] SET IOT-STA: BAND[0] MACTYPE(0) HANDLE(1) MAC[48:e1:e9:0:0:0]
[   32.291355] SSID[0]=M32-D002, EdcaIdx=0
[   32.295249] SSID[1]=M32-backhaul-D002, EdcaIdx=0
[   32.299949] DBDC Mode=0, eDBDC_mode = 0
[   32.303798] BSS0 PhyMode=14
[   32.306589] wmode_band_equal(): Band Equal!
[   32.310799] auto_ch_select_set_cfg(): BandIdx0, AutoChannelAtBootup=1, AutoChannelAlg = 1
[   32.318979] auto_ch_select_set_cfg(): BandIdx1, AutoChannelAtBootup=0, AutoChannelAlg = 0
[   32.327620] BandSteering=1
[   32.330406] [TxPower] BAND0: 100
[   32.334421] [PERCENTAGEenable] BAND0: 1
[   32.338354] [BFBACKOFFenable] BAND0: 1
[   32.342331] FragThreshold[0]=2346
[   32.347493] RTMPSetProfileParameters(): ACSCheckTime[0]=0 seconds
[   32.353589] RTMPSetProfileParameters(): ACSCheckTime[1]=0 seconds
[   32.360118] read_etxbf: ETxBfEnCond = 1
[   32.363961] read_etxbf: BSSID[0]
[   32.367181] read_etxbf: MBSS[0] ETxBfEnCond = 1
[   32.371719] read_etxbf: More BSSID[1]
[   32.375375] read_etxbf: More MBSS[1] ETxBfEnCond = 1
[   32.385637] MAP_MODE=1
[   32.391376] If/wds0 - PeerPhyOpMode=2
[   32.395046] If/wds1 - PeerPhyOpMode=2
[   32.398708] If/wds2 - PeerPhyOpMode=2
[   32.402376] If/wds3 - PeerPhyOpMode=2
[   32.406246] APWdsInitialize():WdsEntry Number=4
[   32.410781] WDS-Enable mode=0
[   32.414812] HT: WDEV[0] Ext Channel = ABOVE
[   32.419122] HT: greenap_cap = 0
[   32.434506] WtcSetMaxStaNum: BssidNum:2, MaxStaNum:124 (WdsNum:4, ApcliNum:1, MaxNumChipRept:16), MinMcastWcid:125
[   32.444996] Fair Queueing Scheduler Initialization...
[   32.450200] Top Init Done!
[   32.452914] Use dev_alloc_skb
[   32.456289] RX[0] DESC ffffffc0162c0000 size = 8192
[   32.461316] RX[1] DESC ffffffc0162c2000 size = 8192
[   32.466295] cut_through_init(): ct sw token number = 4095
[   32.471819] cut_through_token_list_init(): TokenList inited done!id_head/tail=0/4096
[   32.479567] cut_through_token_list_init(): ffffffc0129fca10,ffffffc0129fca10
[   32.486735] cut_through_token_list_init(): TokenList inited done!id_head/tail=0/4096
[   32.494491] cut_through_token_list_init(): ffffffc0129fca30,ffffffc0129fca30
[   32.501625] Hif Init Done!
[   32.504339] ctl->txq = ffffff8009b77600
[   32.508180] ctl->rxq = ffffff8009b77618
[   32.512021] ctl->ackq = ffffff8009b77630
[   32.515945] ctl->kickq = ffffff8009b77648
[   32.519958] ctl->tx_doneq = ffffff8009b77660
[   32.524229] ctl->rx_doneq = ffffff8009b77678
[   32.545976] Parsing patch header
[   32.549233]  Built date: 20200821025910a
[   32.553236]
[   32.554719]  Platform: ALPS
[   32.557542]  HW/SW version: 0x8a108a10
[   32.561322]  Patch version: 0x00000010
[   32.565106]  Target address: 0x9c000, length: 82080
[   32.570151] patch is not ready && get semaphore success
[   32.575441] EventGenericEventHandler: CMD Success
[   32.580658] MtCmdPatchFinishReq
[   32.595057] EventGenericEventHandler: CMD Success
[   32.599801] release patch semaphore
[   32.603291] WfMcuHwInit: Before NICLoadFirmware, check ICapMode = 0
[   32.609578] Parsing CPU 0 fw tailer
[   32.613069]  Chip ID: 0x06
[   32.615792]  Eco version: 0x00
[   32.618850]  Region number: 0x00
[   32.622099]  Format version: 0x00
[   32.625432]  Ram version: _reserved_
[   32.629064]  Built date: 20200821030117
[   32.633065]  Common crc: 0x0
[   32.635951] Parsing tailer region 0
[   32.639441]  Feature set: 0x01
[   32.642501]  Target address: 0xb7000, Download size: 249856
[   32.648078] Parsing tailer region 1
[   32.651566]  Feature set: 0x01
[   32.654625]  Target address: 0x203dc00, Download size: 50384
[   32.660330] EventGenericEventHandler: CMD Success
[   32.669043] EventGenericEventHandler: CMD Success
[   32.674150] MtCmdFwStartReq: override = 0x0, address = 0x0
[   32.721151] EventGenericEventHandler: CMD Success
[   32.725866] MCU Init Done!
[   32.728585] efuse_probe: efuse = 2
[   32.731993] RtmpChipOpsEepromHook::e2p_type=0, inf_Type=4
[   32.737390] RtmpEepromGetDefault::e2p_dafault=2
[   32.741924] RtmpChipOpsEepromHook: E2P type(2), E2pAccessMode = 2, E2P default = 2
[   32.749494] NVM is FLASH mode. dev_idx [0] FLASH OFFSET [0x0]
[   32.755609] NICReadEEPROMParameters: EEPROM 0x52 b300
[   32.761368] mt7622_pa_lna_set(): read antCtrl = 2, polCtrl = 0, wifiStreams = 44
[   32.769018] mt7622_tssi_set(): nic_cfg1=0, mode=0
[   34.000140] Country Region from e2p = 0
[   34.004062] read sub id = 2
[   34.006854] RcRadioInit(): DbdcMode=0, ConcurrentBand=1
[   34.012086] RcRadioInit(): pRadioCtrl=ffffffc016df11d8,Band=0,rfcap=1,channel=1,PhyMode=2 extCha=0xf
[   34.021230] MtSingleSkuLoadParam: RF_LOCKDOWN Feature OFF !!!
[   34.027462] MtBfBackOffLoadParam: RF_LOCKDOWN Feature OFF !!!
[   34.033344] EEPROM Init Done!
[   34.036325] mt_mac_init()-->
[   34.039206] mt7622_init_mac_cr(): TMAC_TRCR0=0x82783c8c
[   34.044450] <--mt_mac_init()
[   34.065907] CmdRxHdrTransBLUpdateRsp::EventExtCmdResult.u4Status = 0x0
[   34.082964] CmdRxHdrTransBLUpdateRsp::EventExtCmdResult.u4Status = 0x0
[   34.100020] CmdRxHdrTransBLUpdateRsp::EventExtCmdResult.u4Status = 0x0
[   34.106549] MAC Init Done!
[   34.109259] MT7622BBPInit() todo
[   34.112490] PHY Init Done!
[   34.115808] MtCmdSetMacTxRx:(ret = 0)
[   34.119614] ap_ftkd> Initialize FT KDP Module...
[   34.124242] BndStrg_Init()
BndStrg_TableInit(),Invalid Channel:0 pMbss apidx:0
[   34.132566] Error in BndStrg_Init(), error code = 9 on apidx = 0
[   34.138588] Main bssid = 00:00:00:00:00:00
[   34.142860] MtCmdSetMacTxRx:(ret = 0)
[   34.153826] MtCmdSetMacTxRx:(ret = 0)
[   34.157500] <==== mt_wifi_init, Status=0
[   34.161436] TxBfModuleEnCtrl:It's not DBDC mode
[   34.166018] MtCmdEDCCACtrl: BandIdx: 0, EDCCACtrl: 0
[   34.171007] MtCmdEDCCACtrl: BandIdx: 1, EDCCACtrl: 1
[   34.176690] The new WDS interface MAC = 00:00:00:00:00:00, MacTabMatchWCID = 0
[   34.184598] The new WDS interface MAC = 00:00:00:00:00:00, MacTabMatchWCID = 0
[   34.192341] The new WDS interface MAC = 00:00:00:00:00:00, MacTabMatchWCID = 0
[   34.200101] The new WDS interface MAC = 00:00:00:00:00:00, MacTabMatchWCID = 0
[   34.207855] Total allocated 4 WDS interfaces!
[   34.212704] WtcSetMaxStaNum: BssidNum:2, MaxStaNum:124 (WdsNum:4, ApcliNum:1, MaxNumChipRept:16), MinMcastWcid:125
[   34.247844] RedInit: set Driver/N9 RED Enable to 1.
[   34.252747] RedInit: RED Initiailize Done.
[   34.256847] cp_support_is_enabled: set Driver CP_SUPPORT to Mode 2.
[   34.263124] RTMP_COM_IoctlHandle -> CMD_RTPRIV_IOCTL_VIRTUAL_INF_UP
[   34.269404] wifi_sys_open(), wdev idx = 0
[   34.273418] wdev_attr_update(): wdevId0 = << WLAN0_MAC >>
[   34.278996] [RcGetHdevByPhyMode] channel 0 fix for rdev fetching
[   34.285080]  [RadarStateCheck] RD_NORMAL_MODE
[   34.290485] phy_freq_adjust : no prim_ch value for adjust!
[   34.297239] Caller: wlan_operate_init+0xdc/0x118 [mt_wifi_ap]
[   34.303016] phy_mode=14, ch=0, wdev_type=1
[   34.307116] ht_cap->HtCapInfo: ldpc=1,ch_width=1,gf=0,sgi20=1,sgi40=1,tx_stbc=1,rx_stbc=1,amsdu_size=0
[   34.316429] ht_cap->HtCapParm: mdpu_density=5, ampdu_factor=3
[   34.324996] AP inf up for ra_0(func_idx) OmacIdx=0
[   34.332107] mtd_isr::DriverOwn = TRUE
[   34.335795] AsicRadioOnOffCtrl(): DbdcIdx=0 RadioOn
[   34.347224] ApAutoChannelAtBootUp----------------->
[   34.352120] ApAutoChannelAtBootUp: AutoChannelBootup[0] = 1
[   34.357870] MtCmdSetMacTxRx:(ret = 0)
[   34.361555] MtCmdChannelSwitch: control_chl = 1,control_ch2=0, central_chl = 1 DBDCIdx= 0, Band= 0
[   34.370519] BW = 0,TXStream = 4, RXStream = 4, scan(1)
[   34.607459] MtCmdChannelSwitch: control_chl = 2,control_ch2=0, central_chl = 2 DBDCIdx= 0, Band= 0
[   34.616437] BW = 0,TXStream = 4, RXStream = 4, scan(1)
[   34.847455] MtCmdChannelSwitch: control_chl = 3,control_ch2=0, central_chl = 3 DBDCIdx= 0, Band= 0
[   34.856425] BW = 0,TXStream = 4, RXStream = 4, scan(1)
[   35.079464] MtCmdChannelSwitch: control_chl = 4,control_ch2=0, central_chl = 4 DBDCIdx= 0, Band= 0
[   35.088434] BW = 0,TXStream = 4, RXStream = 4, scan(1)
[   35.311456] MtCmdChannelSwitch: control_chl = 5,control_ch2=0, central_chl = 5 DBDCIdx= 0, Band= 0
[   35.320422] BW = 0,TXStream = 4, RXStream = 4, scan(1)
[   35.543458] MtCmdChannelSwitch: control_chl = 6,control_ch2=0, central_chl = 6 DBDCIdx= 0, Band= 0
[   35.552425] BW = 0,TXStream = 4, RXStream = 4, scan(1)
[   35.775459] MtCmdChannelSwitch: control_chl = 7,control_ch2=0, central_chl = 7 DBDCIdx= 0, Band= 0
[   35.784430] BW = 0,TXStream = 4, RXStream = 4, scan(1)
[   36.019545] MtCmdChannelSwitch: control_chl = 8,control_ch2=0, central_chl = 8 DBDCIdx= 0, Band= 0
[   36.028517] BW = 0,TXStream = 4, RXStream = 4, scan(1)
[   36.251457] MtCmdChannelSwitch: control_chl = 9,control_ch2=0, central_chl = 9 DBDCIdx= 0, Band= 0
[   36.260426] BW = 0,TXStream = 4, RXStream = 4, scan(1)
[   36.467456] MtCmdChannelSwitch: control_chl = 10,control_ch2=0, central_chl = 10 DBDCIdx= 0, Band= 0
[   36.476592] BW = 0,TXStream = 4, RXStream = 4, scan(1)
[   36.683457] MtCmdChannelSwitch: control_chl = 11,control_ch2=0, central_chl = 11 DBDCIdx= 0, Band= 0
[   36.692595] BW = 0,TXStream = 4, RXStream = 4, scan(1)
[   36.899460] MtCmdChannelSwitch: control_chl = 12,control_ch2=0, central_chl = 12 DBDCIdx= 0, Band= 0
[   36.908601] BW = 0,TXStream = 4, RXStream = 4, scan(1)
[   37.115464] MtCmdChannelSwitch: control_chl = 13,control_ch2=0, central_chl = 13 DBDCIdx= 0, Band= 0
[   37.124648] BW = 0,TXStream = 4, RXStream = 4, scan(1)
[   37.331463] ApAutoChannelAtBootUp : Auto channel selection: Selected channel = 1, IsAband = 0
[   37.340004]  AutoChSelUpdateChannel(): Update channel for wdev for this band PhyMode = 14, Channel = 1
[   37.350112] MtCmdChannelSwitch: control_chl = 1,control_ch2=0, central_chl = 3 DBDCIdx= 0, Band= 0
[   37.359070] BW = 1,TXStream = 4, RXStream = 4, scan(0)
[   37.383277] ApAutoChannelAtBootUp<-----------------
[   37.388189] [PMF]APPMFInit:: apidx=0, MFPC=1, MFPR=0, SHA256=0
[   37.394034] [PMF]PMF_MakeRsnIeGMgmtCipher: Insert BIP to the group management cipher of RSNIE
[   37.402636] wifi_sys_linkup(), wdev idx = 0
[   37.406844] wtc_acquire_groupkey_wcid: Found a non-occupied wtbl_idx:127 for WDEV_TYPE:1
[   37.406844]  LinkToOmacIdx = 0, LinkToWdevType = 1
[   37.468634] bssUpdateBmcMngRate (BSS_INFO_BROADCAST_INFO), CmdBssInfoBmcRate.u2BcTransmit= 0, CmdBssInfoBmcRate.u2McTransmit = 0
[   37.528424] UpdateBeaconHandler, BCN_UPDATE_INIT, OmacIdx = 0
[   37.534195] APStartUpForMbss: BssIndex = 0 channel = 1
[   37.539376] MtCmdTxPowerDropCtrl: ucPowerDrop: 100, BandIdx: 0
[   37.545226] MtCmdTxCCKStream: u1CCKTxStream: 1, BandIdx: 0
[   37.552411] BndStrg_SetInfFlags(): BSS(<< WLAN0_MAC >>) set 2G Inf ra0 ready.
Enable 20/40 BSSCoex Channel Scan(BssCoex=1)
[   37.565914] MtCmdSetMacTxRx:(ret = 0)
[   37.569593] MtCmdChannelSwitch: control_chl = 1,control_ch2=0, central_chl = 1 DBDCIdx= 0, Band= 0
[   37.578557] BW = 0,TXStream = 4, RXStream = 4, scan(1)
[   37.602791] AP OBSS SYNC - BBP R4 to 20MHz.l
[   37.903455] MtCmdChannelSwitch: control_chl = 2,control_ch2=0, central_chl = 2 DBDCIdx= 0, Band= 0
[   37.912420] BW = 0,TXStream = 4, RXStream = 4, scan(1)
[   37.936650] AP OBSS SYNC - BBP R4 to 20MHz.l
[   38.239452] MtCmdChannelSwitch: control_chl = 3,control_ch2=0, central_chl = 3 DBDCIdx= 0, Band= 0
[   38.248424] BW = 0,TXStream = 4, RXStream = 4, scan(1)
[   38.272679] AP OBSS SYNC - BBP R4 to 20MHz.l
[   38.575456] MtCmdChannelSwitch: control_chl = 4,control_ch2=0, central_chl = 4 DBDCIdx= 0, Band= 0
[   38.584423] BW = 0,TXStream = 4, RXStream = 4, scan(1)
[   38.608639] AP OBSS SYNC - BBP R4 to 20MHz.l
[   38.911455] MtCmdChannelSwitch: control_chl = 5,control_ch2=0, central_chl = 5 DBDCIdx= 0, Band= 0
[   38.920419] BW = 0,TXStream = 4, RXStream = 4, scan(1)
[   38.944664] AP OBSS SYNC - BBP R4 to 20MHz.l
[   39.247460] MtCmdChannelSwitch: control_chl = 6,control_ch2=0, central_chl = 6 DBDCIdx= 0, Band= 0
[   39.256431] BW = 0,TXStream = 4, RXStream = 4, scan(1)
[   39.280645] AP OBSS SYNC - BBP R4 to 20MHz.l
[   39.583456] MtCmdChannelSwitch: control_chl = 7,control_ch2=0, central_chl = 7 DBDCIdx= 0, Band= 0
[   39.592433] BW = 0,TXStream = 4, RXStream = 4, scan(1)
[   39.616670] AP OBSS SYNC - BBP R4 to 20MHz.l
[   39.919456] MtCmdChannelSwitch: control_chl = 8,control_ch2=0, central_chl = 8 DBDCIdx= 0, Band= 0
[   39.928423] BW = 0,TXStream = 4, RXStream = 4, scan(1)
[   39.952664] AP OBSS SYNC - BBP R4 to 20MHz.l
[   40.255444] Channel[Idx=0, Ch=1].bEffectedChannel=0x2!
[   40.260596] Channel[Idx=1, Ch=2].bEffectedChannel=0x0!
[   40.265738] Channel[Idx=2, Ch=3].bEffectedChannel=0x0!
[   40.270879] Channel[Idx=3, Ch=4].bEffectedChannel=0x0!
[   40.276022] Channel[Idx=4, Ch=5].bEffectedChannel=0x2!
[   40.281163] needFallBack=TRUE due to OP/OT!
[   40.285352] Channel[Idx=5, Ch=6].bEffectedChannel=0x2!
[   40.290496] needFallBack=TRUE due to OP/OT!
[   40.294684] Channel[Idx=6, Ch=7].bEffectedChannel=0x0!
[   40.299825] Channel[Idx=7, Ch=8].bEffectedChannel=0x0!
[   40.304991] MtCmdChannelSwitch: control_chl = 1,control_ch2=0, central_chl = 3 DBDCIdx= 0, Band= 0
[   40.313952] BW = 1,TXStream = 4, RXStream = 4, scan(0)
[   40.338225] apidx 0 for WscUUIDInit
[   40.341781] Generate UUID for apidx(0)
[   40.345565] mtk_ppe_dev_register_hook : ineterface ra0 register (1)
[   41.357242] device ra0 entered promiscuous mode
[   41.361829] br0: port 2(ra0) entered forwarding state
[   41.366897] br0: port 2(ra0) entered forwarding state
Set multicast_to_unicast kernel option to 1 on interface eth0.1
Set multicast_to_unicast kernel option to 1 on interface ra0
ra0 Channel Value: 1
WLAN Two interface up!
[   41.449898] rai0: ===> main_virtual_if_open
[   41.454120] RTMP_COM_IoctlHandle -> CMD_RTPRIV_IOCTL_VIRTUAL_INF_INIT
[   41.460880] load l1profile succeed!
[   41.464516] WHNAT=1
[   41.466611] whnat_cap_support(): chip_id=7915 is in WHNAT support list
[   41.473181] wifi_slot_get(): bus name=PCI Bus 0001:01, funid=0, get slot id=0
[   41.480334] whnat_entry_acquire(): PCIE SLOT:0, hook to WHNAT,entry id=0
[   41.487248] wed_init(0): irq=11,base_addr=0xffffff80093f2000
[   41.493836] wed_ring_init(): wed ring init result = 0
[   41.509621] create wed ok!!!
[   41.512746] wdma_init(): wdma(0) base addr=ffffff80093fe800
[   41.518347] wdma_init(): wdma(0) irq[0]=253
[   41.522545] wdma_init(): wdma(0) irq[1]=254
[   41.526739] wdma_init(): wdma(0) irq[2]=255
[   41.531641] wifi_chip_probe(): Chang CHIP IRQ: 259 to WHNAT IRQ: 11
[   41.537915] wifi_slot_get(): bus name=PCI Bus 0001:01, funid=0, get slot id=0
[   41.545138] whnat_probe(): probe fail since whnat is full!
[   41.550638] whnat_dev0: probe of 1020a000.wed2 failed with error -1
[   41.557079] mt_service_open: wlan service opens successfully!
[   41.565934] APWdsInitialize():WdsEntry[0~15]
[   41.571788] BssidNum=2
[   41.574142] Pf2MbssIdxMap:
[   41.576856]  0  1
[   41.579367] E2pAccessMode=2
[   41.582314] SSID[0]=M32-D002, EdcaIdx=0
[   41.586210] SSID[1]=M32-backhaul-D002, EdcaIdx=0
[   41.590926] RTMPSetProfileParameters(): DBDC Mode=0, eDBDC_mode = 0
[   41.597251] cfg_mode=17
[   41.599703] cfg_mode=17
[   41.602143] cfg_mode=17
[   41.604597] wmode_band_equal(): Band Equal!
[   41.608887] auto_ch_select_set_cfg(): BandIdx0, AutoChannelAtBootup=1, AutoChannelAlg = 1
[   41.617079] auto_ch_select_set_cfg(): BandIdx1, AutoChannelAtBootup=0, AutoChannelAlg = 0
[   41.625350] Index0 Channel=0
[   41.628558] BandSteering=1
[   41.631353] [TxPower] BAND0: 100
[   41.636016] [SKUenable] BAND0: 1
[   41.639244] [SkuTableIdx]: 1
[   41.642211] [CCKTxStream] BAND0: 4
[   41.645625] [PERCENTAGEenable] BAND0: 1
[   41.649473] [BFBACKOFFenable] BAND0: 1
[   41.653387] [MaxRuOfdma] BAND0: 8
[   41.656783] [MaxDLMuMimo] BAND0: 4
[   41.660266] [MaxULMuMimo] BAND0: 2
[   41.663817] profile: FragThreshold[0]=2346
[   41.668185] APEdca0
[   41.670363] APEdca1
[   41.672555] APEdca2
[   41.674730] APEdca3
[   41.677562] UAPSDCapable[0]=0
[   41.680528] UAPSDCapable[1]=0
[   41.683501] UAPSDCapable[2]=0
[   41.686461] UAPSDCapable[3]=0
[   41.689430] UAPSDCapable[4]=0
[   41.692398] UAPSDCapable[5]=0
[   41.695358] UAPSDCapable[6]=0
[   41.698329] UAPSDCapable[7]=0
[   41.701297] UAPSDCapable[8]=0
[   41.704268] UAPSDCapable[9]=0
[   41.707227] UAPSDCapable[10]=0
[   41.710284] UAPSDCapable[11]=0
[   41.713336] UAPSDCapable[12]=0
[   41.716402] UAPSDCapable[13]=0
[   41.719456] UAPSDCapable[14]=0
[   41.722502] UAPSDCapable[15]=0
[   41.725562] UAPSDCapable[16]=0
[   41.728613] UAPSDCapable[17]=0
[   41.731722] UAPSDCapable[18]=0
[   41.734768] UAPSDCapable[19]=0
[   41.737828] UAPSDCapable[20]=0
[   41.740883] UAPSDCapable[21]=0
[   41.743941] UAPSDCapable[22]=0
[   41.746987] UAPSDCapable[23]=0
[   41.750045] UAPSDCapable[24]=0
[   41.753096] UAPSDCapable[25]=0
[   41.756155] UAPSDCapable[26]=0
[   41.759202] UAPSDCapable[27]=0
[   41.762258] UAPSDCapable[28]=0
[   41.765313] UAPSDCapable[29]=0
[   41.768370] UAPSDCapable[30]=0
[   41.771420] UAPSDCapable[31]=0
[   41.774482] default ApCliUAPSDCapable[0]=0
[   41.778575] default ApCliUAPSDCapable[1]=0
[   41.783370] DfsZeroWaitCacTime=255/255
[   41.787141] RTMPSetProfileParameters(): ACSCheckTime[0]=0 seconds
[   41.793239] RTMPSetProfileParameters(): ACSCheckTime[1]=0 seconds
[   41.799506] read_itxbf: ITxBfEn = 0
[   41.802987] read_itxbf: BSSID[0]
[   41.806219] read_itxbf: MBSS[0] ITxBfEn = 0
[   41.810403] read_itxbf: More BSSID[1]
[   41.814065] read_itxbf: More MBSS[1] ITxBfEn = 0
[   41.818690] read_itxbf: Common.ITxBfEn = 0
[   41.822849] read_etxbf: ETxBfEnCond = 1
[   41.826688] read_etxbf: BSSID[0]
[   41.829914] read_etxbf: MBSS[0] ETxBfEnCond = 1
[   41.834499] read_etxbf: More BSSID[1]
[   41.838166] read_etxbf: More MBSS[1] ETxBfEnCond = 1
[   41.843931] MBSS[0] MuOfdmaDlEnable = 1
[   41.847768] More MBSS[1] MuOfdmaDlEnable = 1
[   41.852124] MBSS[0] MuOfdmaUlEnable = 1
[   41.855960] More MBSS[1] MuOfdmaUlEnable = 1
[   41.860316] MBSS[0] MuMimoDlEnable = 1
[   41.864066] More MBSS[1] MuMimoDlEnable = 1
[   41.868338] MBSS[0] MuMimoUlEnable = 1
[   41.872095] More MBSS[1] MuMimoUlEnable = 1
[   41.884116] [PMF]Set_PMFMFPC_Proc:: apidx=0, Desired MFPC=1
[   41.889693] [PMF]Set_PMFMFPC_Proc:: apidx=1, Desired MFPC=1
[   41.895347] [PMF]Set_PMFMFPR_Proc:: apidx=0, Desired MFPR=0
[   41.900919] [PMF]Set_PMFMFPR_Proc:: apidx=1, Desired MFPR=0
[   41.906574] [PMF]Set_PMFSHA256_Proc:: apidx=0, Desired PMFSHA256=0
[   41.912754] [PMF]Set_PMFSHA256_Proc:: apidx=1, Desired PMFSHA256=0
[   41.919457] MAP_MODE=1
[   41.922193] ApCliEntry[0].Enable=0
[   41.927071] rtmp_read_wds_from_file(): WDS Profile
[   41.931999] WDS Number: band[0]=0, band[1]=0
[   41.936307] WDS-Enable mode=0
[   41.939334] If/wds0 - PeerPhyMode=0x11
[   41.943088] If/wds1 - PeerPhyMode=0x11
[   41.946835] If/wds2 - PeerPhyMode=0x11
[   41.950587] If/wds3 - PeerPhyMode=0x11
[   41.955610] HT_BAWinSize: wdev[0]: (TX=256, RX=256)
[   41.960710] HT: WDEV[0] Ext Channel = ABOVE
[   41.965027] HT: greenap_cap = 0
[   41.998423] rtmp_read_mlme_multiqueue_parms_from_file(): Mlme.MultiQEnable=1
[   42.005558] rtmp_read_mlme_multiqueue_parms_from_file(): [hp_q_ration]-[np_q_ration]-[lp_q_ration] = 8-4-1
[   42.015315] WtcSetMaxStaNum: MaxStaNum:236, BssidNum:2, WdsNum:16, MSTANum:1, MaxNumChipRept:32, MinMcastWcid:285
[   42.025612] Top Init Done!
[   42.028347] Use dev_alloc_skb
[   42.031309] token_tx_queue_init(): ct sw token number = 1023
[   42.037100] token_tx_queue_init(): token que inited done!id_head/tail=0/1024
[   42.044155] token_tx_queue_init(): ffffffc01df0d208,ffffffc01df0d208
[   42.052043] TxRing[0]: attr:0, total 2048 entry initialized
[   42.058437] TxRing[1]: attr:0, total 2048 entry initialized
[   42.064161] RX[0] DESC ffffff8009389000 size = 24576
[   42.070203] RX[1] DESC ffffff8009390000 size = 24576
[   42.076281] RX[2] DESC ffffff8009397000 size = 8192
[   42.081511] RX[3] DESC ffffff800939a000 size = 16384
[   42.087193] RX[4] DESC ffffff800939f000 size = 8192
[   42.092658] -->TX_RING_0[0xd7300]: Attr:0, Base=0x52a20000, Cnt=2048!
[   42.099168] -->TX_RING_1[0xd7310]: Attr:0, Base=0x52af8000, Cnt=2048!
[   42.105667] -->TX_RING_2[0xd5400]: Attr:3, Base=0x529f7000, Cnt=128!
[   42.112067] -->TX_RING_3[0xd5410]: Attr:2, Base=0x529f8000, Cnt=256!
[   42.118433] -->TX_RING_4[0xd5440]: Attr:1, Base=0x529f9000, Cnt=256!
[   42.124808] -->RX_RING_0[0xd4500]: Base=0x52b80000, Cnt=1536
[   42.130472] -->RX_RING_1[0xd4510]: Base=0x52b88000, Cnt=1536
[   42.136215] -->RX_RING_2[0xd5500]: Base=0x52a0c000, Cnt=512
[   42.141796] -->RX_RING_3[0xd7410]: Base=0x55c94000, Cnt=1024
[   42.147456] -->RX_RING_4[0xd5520]: Base=0x52a0e000, Cnt=512
[   42.153041] wdma_dma_ctrl(): WDMA_GLO_CFG=40000450
[   42.157867] Hif Init Done!
[   42.163695] pci_driver_own_by_port: success to clear p=0 fw own, from(1): 1 is interrupt mode, 2 is polling mode.
[   42.173958] driver_own: port=1 is not enabled
[   42.178323] fw_prepare():using E2 ROM patch
[   42.182509] fw_prepare():using E2 RAM
[   42.186191] Parsing patch header
[   42.189421]  Built date: 20201105222230a
[   42.193421]
[   42.194904]  Platform: ALPS
[   42.197726]  HW/SW version: 0x8a108a10
[   42.201507]  Patch version: 0xffffffff
[   42.205289]  Section num: 0x2, subsys: 0x4
[   42.209394]  Section 0: type = 0x30002, offset = 0xe0, size = 0xfc90
[   42.215749]  Target address: 0x200000, length: 0xfc90
[   42.220806]  Section 1: type = 0x30002, offset = 0xfd70, size = 0x13720
[   42.227446]  Target address: 0xe000f000, length: 0x13720
[   42.232913] Patch SEM Status = 2
[   42.236177] patch is not ready && get semaphore success
[   42.241454] Start address = 0x200000, DL length = 64656, Data mode = 0x80000000
[   42.249951] EventGenericEventHandler: CMD Success
[   42.254675] MtCmdAddressLenReq:(ret = 0)
[   42.258891] Start address = 0xe000f000, DL length = 79648, Data mode = 0x80000000
[   42.267549] EventGenericEventHandler: CMD Success
[   42.272286] MtCmdAddressLenReq:(ret = 0)
[   42.276709] MtCmdPatchFinishReq
[   42.283646] EventGenericEventHandler: CMD Success
[   42.288569] Patch SEM Status = 3
[   42.291809] release patch semaphore
[   42.295293]  WfMcuHwInit: Before NICLoadFirmware, check ICapMode = 0
[   42.302450] Parsing CPU 0 fw tailer
[   42.305944]  Chip ID: 0x0b
[   42.308669]  Eco version: 0x01
[   42.311751]  Region number: 0x07
[   42.314985]  Format version: 0x02
[   42.318354]  Format flag: 0x01
[   42.321428]  Ram version: ____000000
[   42.325070]  Built date: 20201105222304
[   42.328982]  Common crc: 0xaa870ac
[   42.332390] Parsing tailer region 0
[   42.335946]  Decomp crc: 0x0
[   42.338820]  Decomp size: 0x0
[   42.341810]  Decomp block size: 0x0
[   42.345304]  Target address: 0x21fc00
[   42.348969]  Download size: 110592
[   42.352370]  Feature set: 0x20
[   42.355440] Parsing tailer region 1
[   42.358921]  Decomp crc: 0x0
[   42.361805]  Decomp size: 0x0
[   42.364773]  Decomp block size: 0x0
[   42.368266]  Target address: 0x31dc00
[   42.371930]  Download size: 205824
[   42.375323]  Feature set: 0x00
[   42.378400] Parsing tailer region 2
[   42.381896]  Decomp crc: 0x0
[   42.384776]  Decomp size: 0x0
[   42.387748]  Decomp block size: 0x0
[   42.391249]  Target address: 0x417400
[   42.394918]  Download size: 31744
[   42.398234]  Feature set: 0x00
[   42.401305] Parsing tailer region 3
[   42.404799]  Decomp crc: 0x0
[   42.407680]  Decomp size: 0x0
[   42.410639]  Decomp block size: 0x0
[   42.414133]  Target address: 0xe0022800
[   42.417969]  Download size: 411136
[   42.421375]  Feature set: 0x00
[   42.424452] Parsing tailer region 4
[   42.427946]  Decomp crc: 0x0
[   42.430818]  Decomp size: 0x0
[   42.433789]  Decomp block size: 0x0
[   42.437333]  Target address: 0xe0086e00
[   42.441173]  Download size: 332288
[   42.444596]  Feature set: 0x00
[   42.447667] Parsing tailer region 5
[   42.451146]  Decomp crc: 0x0
[   42.454031]  Decomp size: 0x0
[   42.456998]  Decomp block size: 0x0
[   42.460490]  Target address: 0x23ac00
[   42.464150]  Download size: 87040
[   42.467468]  Feature set: 0x00
[   42.470530] Parsing tailer region 6
[   42.474025]  Decomp crc: 0x0
[   42.476913]  Decomp size: 0x0
[   42.479884]  Decomp block size: 0x0
[   42.483363]  Target address: 0x400000
[   42.487029]  Download size: 81920
[   42.490342]  Feature set: 0x00
[   42.493415]  Release info: header tag = 0, total length = 68
[   42.499085]  tag 1, padding length = 3, tag length = 61
[   42.504313]  payload: t-neptune-main-mt7915-1953-MT7915D_1953_MT7621-20201105221902
[   42.512269] Start address = 0x21fc00, DL length = 110592, Data mode = 0x80000000
[   42.520873] EventGenericEventHandler: CMD Success
[   42.525621] MtCmdAddressLenReq:(ret = 0)
[   42.529994] Start address = 0x31dc00, DL length = 205824, Data mode = 0x80000000
[   42.538762] EventGenericEventHandler: CMD Success
[   42.543471] MtCmdAddressLenReq:(ret = 0)
[   42.548208] Start address = 0x417400, DL length = 31744, Data mode = 0x80000000
[   42.556711] EventGenericEventHandler: CMD Success
[   42.561416] MtCmdAddressLenReq:(ret = 0)
[   42.565471] Start address = 0xe0022800, DL length = 411136, Data mode = 0x80000000
[   42.574233] EventGenericEventHandler: CMD Success
[   42.578990] MtCmdAddressLenReq:(ret = 0)
[   42.584523] Start address = 0xe0086e00, DL length = 332288, Data mode = 0x80000000
[   42.593314] EventGenericEventHandler: CMD Success
[   42.598104] MtCmdAddressLenReq:(ret = 0)
[   42.603308] Start address = 0x23ac00, DL length = 87040, Data mode = 0x80000000
[   42.611821] EventGenericEventHandler: CMD Success
[   42.616560] MtCmdAddressLenReq:(ret = 0)
[   42.620849] Start address = 0x400000, DL length = 81920, Data mode = 0x80000000
[   42.629366] EventGenericEventHandler: CMD Success
[   42.634098] MtCmdAddressLenReq:(ret = 0)
[   42.638418] MtCmdFwStartReq: override = 0x1, address = 0x21fc00
[   42.645528] EventGenericEventHandler: CMD Success
[   42.650314] Parsing CPU 1 fw tailer
[   42.653810]  Chip ID: 0x00
[   42.656548]  Eco version: 0x01
[   42.659633]  Region number: 0x03
[   42.662866]  Format version: 0x02
[   42.666204]  Format flag: 0x01
[   42.669282]  Ram version: DEV_000000
[   42.672913]  Built date: 20201105222323
[   42.676843]  Common crc: 0x8fcbc5ad
[   42.680339] Parsing tailer region 0
[   42.683827]  Decomp crc: 0x0
[   42.686700]  Decomp size: 0x0
[   42.689673]  Decomp block size: 0x0
[   42.693161]  Target address: 0x10200000
[   42.697000]  Download size: 88512
[   42.700313]  Feature set: 0x00
[   42.703372] Parsing tailer region 1
[   42.706866]  Decomp crc: 0x0
[   42.709747]  Decomp size: 0x0
[   42.712718]  Decomp block size: 0x0
[   42.716206]  Target address: 0x10300000
[   42.720046]  Download size: 19392
[   42.723352]  Feature set: 0x00
[   42.726422] Parsing tailer region 2
[   42.729925]  Decomp crc: 0x0
[   42.732804]  Decomp size: 0x0
[   42.735831]  Decomp block size: 0x0
[   42.739311]  Target address: 0xe0000000
[   42.743154]  Download size: 8768
[   42.746383]  Feature set: 0x00
[   42.749458]  Release info: header tag = 0, total length = 0
[   42.755041] Start address = 0x10200000, DL length = 88512, Data mode = 0x80000010
[   42.763727] EventGenericEventHandler: CMD Success
[   42.768466] MtCmdAddressLenReq:(ret = 0)
[   42.773014] Start address = 0x10300000, DL length = 19392, Data mode = 0x80000010
[   42.781717] EventGenericEventHandler: CMD Success
[   42.786460] MtCmdAddressLenReq:(ret = 0)
[   42.790498] Start address = 0xe0000000, DL length = 8768, Data mode = 0x80000010
[   42.799121] EventGenericEventHandler: CMD Success
[   42.803848] MtCmdAddressLenReq:(ret = 0)
[   42.807834] MtCmdFwStartReq: override = 0x4, address = 0x0
[   42.913118] EventGenericEventHandler: CMD Success
[   42.917856] :MtCmdCr4Capability: option(0)
[   42.921988] MCU Init Done!
[   42.924715] efuse_probe: efuse = 10000012
[   42.928731] RtmpChipOpsEepromHook::e2p_type=2, inf_Type=5
[   42.934134] RtmpEepromGetDefault::e2p_dafault=1
[   42.938669] RtmpChipOpsEepromHook: E2P type(2), E2pAccessMode = 2, E2P default = 1
[   42.946250] NVM is FLASH mode. dev_idx [0] FLASH OFFSET [0x5000]
[   42.952268] rtmp_nv_init(): EEPROM Size[131072]
[   42.958049] [EEPROMImage - PreCalImageInfo - PreCalImage - TxDPDImage]
[   42.958049] [0xffffffc00f9a0000 - 0xffffffc00f9a0e00 - 0xffffffc00f9a0e10 - 0xffffffc00f9ad220]
[   42.974801] validFlashEepromID(): eeFlashId=7915, pAd->ChipID=7915
[   42.980994] NICReadEEPROMParameters: EEPROM 0x62 0
[   48.217664] Country Region from e2p = 0
[   48.221545] antenna_default_reset() todo
[   48.225476] antenna_default_reset() value = 0x2424, TxPath = 4, RxPath = 4
[   48.232388] RTMPReadTxPwrPerRate(458): Don't Support this now!
[   48.238233] rc_radio_init(): DBDC MODE=0, ConcurrentBand=1
[   48.243847] rc_radio_init(): radio_ctrl=ffffffc012af1ee8,Band=0,rfcap=3,channel=1,PhyMode=2 extCha=0xf
[   48.253185] ucAction = 0, ucBandIdx = 0, ucSmthIntlBypass = 0
[   48.258938] AntCfgInit(3415): Not support for HIF_MT yet!
[   48.264357] mt7915_check_RF_lock_down: RFlockDown Enable: 0
[   48.269930] MtReadPwrLimitTable: sku table idx: 1
mt7915_check_RF_lock_down: RFlockDown Enable: 0
[   48.281676] mt7915_check_RF_lock_down: RFlockDown Enable: 0
[   48.287255] MtReadPwrLimitTable: sku table idx: 1
mt7915_check_RF_lock_down: RFlockDown Enable: 0
[   48.299102] EEPROM Init Done!
[   48.302097] mac_init()-->
[   48.304724] init_mac_cr()-->
[   48.307611] <--mac_init()
[   48.313337] CmdRxHdrTransBLUpdateRsp::EventExtCmdResult.u4Status = 0x0
[   48.321642] CmdRxHdrTransBLUpdateRsp::EventExtCmdResult.u4Status = 0x0
[   48.329976] CmdRxHdrTransBLUpdateRsp::EventExtCmdResult.u4Status = 0x0
[   48.336558] MAC Init Done!
[   48.339259] BBPInit():BBP Initialization.....
[   48.343711]  Band 0: valid=1, Band=2, CBW=1, CentCh/PrimCh=1/1, prim_ch_idx=0, txStream=2
[   48.351918]  Band 1: valid=0, Band=0, CBW=0, CentCh/PrimCh=0/0, prim_ch_idx=0, txStream=0
[   48.360099] BBPInit() todo
[   48.362798] PHY Init Done!
[   48.371819] tx_pwr_comp_init():NotSupportYet!
[   48.376375] MtCmdSetMacTxRx:(ret = 0)
[   48.380329] ap_ftkd> Initialize FT KDP Module...
[   48.385026] Main bssid = 00:00:00:00:00:00
[   48.389147] SetMuruPlatformTypeProc: param.ucPlatformType = 2
[   48.394933] muru_cfg_dlul_limits:(Ret = 1
[   48.398956] muru_cfg_dlul_limits:(Ret = 1
[   48.403205] MtCmdSetMacTxRx:(ret = 0)
[   48.406882] <==== mt_wifi_init, Status=0
[   48.410812] TxBfModuleEnCtrl:It's not DBDC mode
[   48.415373] CmdHeraStbcPriorityCtrl: u1BandIdx=0, u1Operation=1, u1StbcPriority=0
[   48.422876] CTS/ACK Timeout Range should between [0xFFFF:0]!!
[   48.428628] [set_datcfg_ack_cts_timeout](10924): DAT config band(0) cck_timeout Fail!
[   48.436543] CTS/ACK Timeout Range should between [0xFFFF:0]!!
[   48.442293] [set_datcfg_ack_cts_timeout](10935): DAT config band(0) ofdm_timeout Fail!
[   48.450228] CTS/ACK Timeout Range should between [0xFFFF:0]!!
[   48.455977] [set_datcfg_ack_cts_timeout](10946): DAT config band(0) ofdma_timeout Fail!
[   48.463978] CTS/ACK Timeout Range should between [0xFFFF:0]!!
[   48.469728] [set_datcfg_ack_cts_timeout](10924): DAT config band(1) cck_timeout Fail!
[   48.477556] CTS/ACK Timeout Range should between [0xFFFF:0]!!
[   48.483304] [set_datcfg_ack_cts_timeout](10935): DAT config band(1) ofdm_timeout Fail!
[   48.491227] CTS/ACK Timeout Range should between [0xFFFF:0]!!
[   48.496976] [set_datcfg_ack_cts_timeout](10946): DAT config band(1) ofdma_timeout Fail!
[   48.505016] Register MBSSID IF 1 (rai1)
[   48.510716] wdev_init(caller:mbss_create_vif+0x2bc/0x4b0 [mt7915_mt_wifi_ap]), wdev(1)
[   48.519182] MSTA_Init (1) ---> ApCli
[   48.522848] Register MSTA IF (apclii0) , pAd->MSTANum = 1
[   48.530116] wdev_init(caller:MSTA_Init+0x344/0x590 [mt7915_mt_wifi_ap]), wdev(2)
[   48.539809] Caller: dump_ht_cap+0x10/0x20 [mt7915_mt_wifi_ap]
[   48.545599]
[   48.545599] phy_mode=177, ch=0, wdev_type=2
[   48.551264] ht_cap: ht_cap->HtCapInfo,
[   48.555104] ldpc=1,ch_width=1,gf=0,sgi20=1,sgi40=1,tx_stbc=1,rx_stbc=1,amsdu_size=1
[   48.562762] ht_cap: ht_cap->HtCapParm,
[   48.566594] mdpu_density=0, ampdu_factor=3
[   48.571223] mt_service_init: wlan service inits successfully!
[   48.576989] WtcSetMaxStaNum: MaxStaNum:236, BssidNum:2, WdsNum:16, MSTANum:1, MaxNumChipRept:32, MinMcastWcid:285
[   48.704140] RedInit: set CR4/N9 RED Enable to 1.
[   48.708766] RedInit: RED Initiailize Done.
[   48.713044] cp_support_is_enabled: set CR4 CP_SUPPORT to Mode 3.
[   48.719056] RTMP_COM_IoctlHandle -> CMD_RTPRIV_IOCTL_VIRTUAL_INF_UP
[   48.725337] wifi_sys_open(), wdev idx = 0
[   48.729359] ucAction = 0, ucBandIdx = 0, ucSmthIntlBypass = 0
[   48.735127] BuildChannelList() BandIdx = 0, PhyMode = 177, ChListNum = 4:
[   48.742025] DfsBuildChannelList(): Done
[   48.745875] phy_oper_init(): operate TxStream = 4, RxStream = 4
[   48.751813]  [RadarStateCheck] RD_NORMAL_MODE
[   48.757216] phy_freq_adjust : no prim_ch value for adjust!
[   48.764580] Caller: wlan_operate_init+0xf8/0x130 [mt7915_mt_wifi_ap]
[   48.770988]
[   48.770988] phy_mode=177, ch=0, wdev_type=1
[   48.776685] ht_cap: ht_cap->HtCapInfo,
[   48.780524] ldpc=1,ch_width=1,gf=0,sgi20=1,sgi40=1,tx_stbc=1,rx_stbc=1,amsdu_size=1
[   48.788214] ht_cap: ht_cap->HtCapParm,
[   48.792053] mdpu_density=5, ampdu_factor=3
[   48.796228] hw_ctrl_flow_v2_open: wdev_idx=0
[   48.800698] AP inf up for ra_0(func_idx) OmacIdx=0
[   48.805509] AsicRadioOnOffCtrl(): DbdcIdx=0 RadioOn
[   48.810550] BndStrg_Init()
BndStrg_TableInit(),Invalid Channel:0 pMbss apidx:0
[   48.818834] Error in BndStrg_Init(), error code = 9 on apidx = 0
[   48.824849] BndStrg_TableInit(),Invalid Channel:0 pMbss apidx:1
[   48.830769] Error in BndStrg_Init(), error code = 9 on apidx = 1
[   48.836822] ApAutoChannelAtBootUp----------------->
[   48.841779] ApAutoChannelAtBootUp: AutoChannelBootup[0] = 1
[   48.847535] MtCmdSetMacTxRx:(ret = 0)
[   48.851210] [AutoChSelBuildChannelListFor5G] ChListNum5G = 4
[   48.858860] UpdateBeaconHandler, wdev(0) bss not ready (state:0, caller:MTAPAutoSelectChannel+0x198/0x420 [mt7915_mt_wifi_ap])!!
[   49.737563] UpdateBeaconHandler, wdev(0) bss not ready (state:0, caller:MTAPAutoSelectChannel+0x338/0x420 [mt7915_mt_wifi_ap])!!
[   49.749251] ApAutoChannelAtBootUp : Auto channel selection: Selected channel = 40, IsAband = 1
[   49.757875]  [RadarStateCheck] RD_NORMAL_MODE
[   49.981250] DfsBuildChannelList(): Done
[   49.985138] zero_wait_dfs_switch_ch(): outband ch 0, ch_stat 0
[   49.990981] ApAutoChannelAtBootUp<-----------------
[   49.997708] ===> APStartUpForMbss(caller:ap_inf_open+0x138/0x1c0 [mt7915_mt_wifi_ap]), mbss_idx:0, CfgMode:177
[   50.007781] [PMF]APPMFInit:: apidx=0, MFPC=1, MFPR=0, SHA256=0
[   50.013629] [PMF]PMF_MakeRsnIeGMgmtCipher: Insert BIP to the group management cipher of RSNIE
[   50.024197] Caller: dump_ht_cap+0x10/0x20 [mt7915_mt_wifi_ap]
[   50.030031]
[   50.030031] phy_mode=177, ch=40, wdev_type=1
[   50.035782] ht_cap: ht_cap->HtCapInfo,
[   50.039622] ldpc=1,ch_width=1,gf=0,sgi20=1,sgi40=1,tx_stbc=1,rx_stbc=1,amsdu_size=1
[   50.047280] ht_cap: ht_cap->HtCapParm,
[   50.051114] mdpu_density=5, ampdu_factor=3
[   50.055223] Enable 20/40 BSSCoex Channel Scan(BssCoex=1)
[   50.062432] ap_link_up(caller:wdev_do_linkup+0x1c/0x30 [mt7915_mt_wifi_ap]), wdev(0)
[   50.070533] wifi_sys_linkup, wdev idx = 0
[   50.144136] wtc_acquire_groupkey_wcid: Found a non-occupied wtbl_idx:287 for WDEV_TYPE:1
[   50.144136]  LinkToOmacIdx = 0, LinkToWdevType = 1
[   50.157006] TRTableInsertMcastEntry:band0 group_idx[0]=0
[   50.162333] wifi_sys_linkup:wdev(type=0,func_idx=1,wdev_idx=0),BssIndex(0)
[   50.169236] hw_ctrl_flow_v2_link_up: wdev_idx=0
[   50.173968] (bssUpdateChannel), ucPrimCh=40, ucCentChSeg0=42, ucCentChSeg1=0, BW=2, ucHetbRU26Disable=0, ucHetbAllDisable=1
[   50.185112] bssUpdateBmcMngRate (BSS_INFO_BROADCAST_INFO), CmdBssInfoBmcRate.u2BcTransmit= 8320, CmdBssInfoBmcRate.u2McTransmit = 8320
[   50.201345] UpdateBeaconHandler, BCN_UPDATE_INIT, OmacIdx = 0 (rai0)
[   50.207705]  Band0 BcnInitedRnd = 15
[   50.211291] MtCmdTxPowerSKUCtrl: tx_pwr_sku_en: 1, BandIdx: 0
[   50.217064] MtCmdTxBfBackoffCtrl: fgTxBFBackoffEn: 1, BandIdx: 0
[   50.223092] MtCmdTxPowerPercentCtrl: fgTxPowerPercentEn: 1, BandIdx: 0
[   50.229661] TxCCKStreamCtrl: set wrong parameters
[   50.241881] BndStrg_SetInfFlags(): BSS(<< WLAN1_MAC >>) set 5G Inf rai0 ready.
set muru_update_he_cfg()!!!!
[   50.253934] PrintSrCmd:
[   50.253934] u1CmdSubId = 1, u1ArgNum = 0, u1DbdcIdx = 0, u1Status = 0
[   50.253934] u1DropTaIdx = 0, u1StaIdx = 0, u4Value = 0
[   50.267995] PrintSrCmd:
[   50.267995] u1CmdSubId = 5, u1ArgNum = 0, u1DbdcIdx = 0, u1Status = 0
[   50.267995] u1DropTaIdx = 0, u1StaIdx = 0, u4Value = 0
[   50.282031] PrintSrCmd:
[   50.282031] u1CmdSubId = 3, u1ArgNum = 0, u1DbdcIdx = 0, u1Status = 0
[   50.282031] u1DropTaIdx = 0, u1StaIdx = 0, u4Value = 1
[   50.296076] PrintSrCmd:
[   50.296076] u1CmdSubId = 23, u1ArgNum = 0, u1DbdcIdx = 0, u1Status = 0
[   50.296076] u1DropTaIdx = 0, u1StaIdx = 0, u4Value = 0
[   50.310216] MtCmdTxPwrShowInfo: ucTxPowerInfoCatg: 2, BandIdx: 0
[   50.316328] apidx 0 for WscUUIDInit
[   50.316457] [mtf_txpower_all_rate_info] band_idx:0 pwr:18 ChBand:5G ePAGain:0
[   50.326951] Generate UUID for apidx(0)
[   50.330741] WDS_Init():wds_num[0]=0, count=0, MAX_WDS_ENTRY=16, if_idx=0, flg_wds_init=0
[   50.338835] Total allocated 0 WDS(es) for band0!
[   50.343545] mtk_ppe_dev_register_hook : ineterface rai0 register (2)
[   51.355356] device rai0 entered promiscuous mode
[   51.360036] br0: port 3(rai0) entered forwarding state
[   51.365194] br0: port 3(rai0) entered forwarding state
[   51.392053] rai1: ===> mbss_virtual_if_open
Set multicast_to[   51.396406] RTMP_COM_IoctlHandle -> CMD_RTPRIV_IOCTL_VIRTUAL_INF_INIT
_unicast kernel [   51.404503] RTMP_COM_IoctlHandle -> CMD_RTPRIV_IOCTL_VIRTUAL_INF_UP
option to 1 on i[   51.411849] wifi_sys_open(), wdev idx = 1
[   51.417385] ucAction = 0, ucBandIdx = 0, ucSmthIntlBypass = 0

[   51.424356] phy_oper_init(): operate TxStream = 4, RxStream = 4
[   51.432376] Caller: wlan_operate_init+0xf8/0x130 [mt7915_mt_wifi_ap]
[   51.438835]
[   51.438835] phy_mode=177, ch=40, wdev_type=1
[   51.445098] ht_cap: ht_cap->HtCapInfo,
[   51.448963] ldpc=1,ch_width=1,gf=0,sgi20=1,sgi40=1,tx_stbc=1,rx_stbc=1,amsdu_size=1
[   51.456820] ht_cap: ht_cap->HtCapParm,
[   51.460660] mdpu_density=0, ampdu_factor=3
[   51.464965] hw_ctrl_flow_v2_open: wdev_idx=1
[   51.469384] AP inf up for ra_1(func_idx) OmacIdx=17
[   51.474411] AsicRadioOnOffCtrl(): DbdcIdx=0 RadioOn
[   51.479552] BndStrg_Init()
ApAutoChannelAtBootUp----------------->
[   51.486828] ApAutoChannelAtBootUp: AutoChannelBootup[0] = 1
[   51.492821] MtCmdSetMacTxRx:(ret = 0)
[   51.496518]  ap_run_at_boot() : ACS is disable !!
[   51.503946] ===> APStartUpForMbss(caller:ap_inf_open+0x138/0x1c0 [mt7915_mt_wifi_ap]), mbss_idx:1, CfgMode:177
[   51.514035] [PMF]APPMFInit:: apidx=1, MFPC=1, MFPR=0, SHA256=0
[   51.584773] [PMF]PMF_MakeRsnIeGMgmtCipher: Insert BIP to the group management cipher of RSNIE
[   51.595268] Caller: dump_ht_cap+0x10/0x20 [mt7915_mt_wifi_ap]
[   51.601467]
[   51.601467] phy_mode=177, ch=40, wdev_type=1
[   51.607250] ht_cap: ht_cap->HtCapInfo,
[   51.611097] ldpc=1,ch_width=1,gf=0,sgi20=1,sgi40=1,tx_stbc=1,rx_stbc=1,amsdu_size=1
[   51.619018] ht_cap: ht_cap->HtCapParm,
[   51.622862] mdpu_density=0, ampdu_factor=3
[   51.627104] Enable 20/40 BSSCoex Channel Scan(BssCoex=1)
[   51.634389] ap_link_up(caller:wdev_do_linkup+0x1c/0x30 [mt7915_mt_wifi_ap]), wdev(1)
[   51.642174] wifi_sys_linkup, wdev idx = 1
[   51.716122] wtc_acquire_groupkey_wcid: Found a non-occupied wtbl_idx:286 for WDEV_TYPE:1
[   51.716122]  LinkToOmacIdx = 11, LinkToWdevType = 1
[   51.729123] TRTableInsertMcastEntry:band0 group_idx[1]=1
[   51.734457] wifi_sys_linkup:wdev(type=1,func_idx=1,wdev_idx=1),BssIndex(1)
[   51.741650] hw_ctrl_flow_v2_link_up: wdev_idx=1
[   51.746376] (bssUpdateChannel), ucPrimCh=40, ucCentChSeg0=42, ucCentChSeg1=0, BW=2, ucHetbRU26Disable=0, ucHetbAllDisable=1
[   51.757514] bssUpdateBmcMngRate (BSS_INFO_BROADCAST_INFO), CmdBssInfoBmcRate.u2BcTransmit= 8192, CmdBssInfoBmcRate.u2McTransmit = 8192
[   51.774535] UpdateBeaconHandler, BCN_UPDATE_INIT, OmacIdx = 11 (rai0)
[   51.781002] MtCmdTxPowerSKUCtrl: tx_pwr_sku_en: 1, BandIdx: 0
[   51.786996] MtCmdTxBfBackoffCtrl: fgTxBFBackoffEn: 1, BandIdx: 0
[   51.793117] MtCmdTxPowerPercentCtrl: fgTxPowerPercentEn: 1, BandIdx: 0
[   51.799941] TxCCKStreamCtrl: set wrong parameters
[   51.812147] BndStrg_SetInfFlags(): BSS(06:BA:D6:50:D0:04) set 5G Inf rai1 ready.
set muru_update_he_cfg()!!!!
[   51.824097] PrintSrCmd:
[   51.824097] u1CmdSubId = 1, u1ArgNum = 0, u1DbdcIdx = 0, u1Status = 0
